Component: ARM Compiler 6.16 Tool: armlink [5dfeaa00]

==============================================================================

Section Cross References

    main.o(.text.main) refers to stm32f10x_rcc.o(.text.RCC_APB2PeriphClockCmd) for RCC_APB2PeriphClockCmd
    main.o(.text.main) refers to stm32f10x_gpio.o(.text.GPIO_StructInit) for GPIO_StructInit
    main.o(.text.main) refers to stm32f10x_gpio.o(.text.GPIO_Init) for GPIO_Init
    main.o(.text.main) refers to stm32f10x_usart.o(.text.USART_StructInit) for USART_StructInit
    main.o(.text.main) refers to stm32f10x_usart.o(.text.USART_Init) for USART_Init
    main.o(.text.main) refers to stm32f10x_usart.o(.text.USART_Cmd) for USART_Cmd
    main.o(.text.main) refers to stm32f10x_rcc.o(.text.RCC_APB1PeriphClockCmd) for RCC_APB1PeriphClockCmd
    main.o(.text.main) refers to stm32f10x_tim.o(.text.TIM_TimeBaseStructInit) for TIM_TimeBaseStructInit
    main.o(.text.main) refers to stm32f10x_tim.o(.text.TIM_TimeBaseInit) for TIM_TimeBaseInit
    main.o(.text.main) refers to main.o(.text.delayMs) for delayMs
    main.o(.text.main) refers to main.o(.text.BA63_ClearVFD) for BA63_ClearVFD
    main.o(.text.main) refers to main.o(.text.BA63_SetCP) for BA63_SetCP
    main.o(.text.main) refers to main.o(.text.BA63_SetPos) for BA63_SetPos
    main.o(.text.main) refers to main.o(.data.device_name_frame1) for device_name_frame1
    main.o(.text.main) refers to main.o(.text.BA63_SendString) for BA63_SendString
    main.o(.text.main) refers to main.o(.data.device_name_frame2) for device_name_frame2
    main.o(.text.main) refers to main.o(.data.device_name_frame3) for device_name_frame3
    main.o(.text.main) refers to main.o(.data.device_name_frame4) for device_name_frame4
    main.o(.text.main) refers to main.o(.data.device_name_frame5) for device_name_frame5
    main.o(.text.main) refers to main.o(.data.device_name_frame6) for device_name_frame6
    main.o(.text.main) refers to main.o(.data.projectCode) for projectCode
    main.o(.text.main) refers to main.o(.text.BA63_DeleteToEndline) for BA63_DeleteToEndline
    main.o(.text.main) refers to main.o(.data.fwVer) for fwVer
    main.o(.text.main) refers to main.o(.data.author) for author
    main.o(.text.main) refers to main.o(.data.ru_rgb_template) for ru_rgb_template
    main.o(.text.main) refers to main.o(.data.ru_color_setup) for ru_color_setup
    main.o(.ARM.exidx.text.main) refers to main.o(.text.main) for [Anonymous Symbol]
    main.o(.text.delayMs) refers to stm32f10x_tim.o(.text.TIM_Cmd) for TIM_Cmd
    main.o(.ARM.exidx.text.delayMs) refers to main.o(.text.delayMs) for [Anonymous Symbol]
    main.o(.text.BA63_ClearVFD) refers to stm32f10x_usart.o(.text.USART_GetFlagStatus) for USART_GetFlagStatus
    main.o(.text.BA63_ClearVFD) refers to main.o(.data.clearCmd) for clearCmd
    main.o(.text.BA63_ClearVFD) refers to stm32f10x_usart.o(.text.USART_SendData) for USART_SendData
    main.o(.ARM.exidx.text.BA63_ClearVFD) refers to main.o(.text.BA63_ClearVFD) for [Anonymous Symbol]
    main.o(.text.BA63_SetCP) refers to main.o(.data.cpcode) for cpcode
    main.o(.text.BA63_SetCP) refers to stm32f10x_usart.o(.text.USART_GetFlagStatus) for USART_GetFlagStatus
    main.o(.text.BA63_SetCP) refers to stm32f10x_usart.o(.text.USART_SendData) for USART_SendData
    main.o(.ARM.exidx.text.BA63_SetCP) refers to main.o(.text.BA63_SetCP) for [Anonymous Symbol]
    main.o(.text.BA63_SetPos) refers to main.o(.rodata.str1.1) for .L.str
    main.o(.text.BA63_SetPos) refers to sprintf.o(.text) for sprintf
    main.o(.text.BA63_SetPos) refers to main.o(.data.setCurPos) for setCurPos
    main.o(.text.BA63_SetPos) refers to stm32f10x_usart.o(.text.USART_GetFlagStatus) for USART_GetFlagStatus
    main.o(.text.BA63_SetPos) refers to stm32f10x_usart.o(.text.USART_SendData) for USART_SendData
    main.o(.ARM.exidx.text.BA63_SetPos) refers to main.o(.text.BA63_SetPos) for [Anonymous Symbol]
    main.o(.text.BA63_SendString) refers to stm32f10x_usart.o(.text.USART_GetFlagStatus) for USART_GetFlagStatus
    main.o(.text.BA63_SendString) refers to main.o(.data.charSet866) for charSet866
    main.o(.text.BA63_SendString) refers to stm32f10x_usart.o(.text.USART_SendData) for USART_SendData
    main.o(.ARM.exidx.text.BA63_SendString) refers to main.o(.text.BA63_SendString) for [Anonymous Symbol]
    main.o(.text.BA63_DeleteToEndline) refers to stm32f10x_usart.o(.text.USART_GetFlagStatus) for USART_GetFlagStatus
    main.o(.text.BA63_DeleteToEndline) refers to main.o(.data.delEndline) for delEndline
    main.o(.text.BA63_DeleteToEndline) refers to stm32f10x_usart.o(.text.USART_SendData) for USART_SendData
    main.o(.ARM.exidx.text.BA63_DeleteToEndline) refers to main.o(.text.BA63_DeleteToEndline) for [Anonymous Symbol]
    misc.o(.ARM.exidx.text.NVIC_PriorityGroupConfig) refers to misc.o(.text.NVIC_PriorityGroupConfig) for [Anonymous Symbol]
[...]
    ../clib/angel/scatter.s                  0x00000000   Number         0  __scatter.o ABSOLUTE
    ../clib/angel/startup.s                  0x00000000   Number         0  __main.o ABSOLUTE
    ../clib/angel/sys.s                      0x00000000   Number         0  sys_stackheap_outer.o ABSOLUTE
    ../clib/angel/sys.s                      0x00000000   Number         0  libspace.o ABSOLUTE
    ../clib/angel/sys.s                      0x00000000   Number         0  use_no_semi.o ABSOLUTE
    ../clib/angel/sys.s                      0x00000000   Number         0  indicate_semi.o ABSOLUTE
    ../clib/angel/sysapp.c                   0x00000000   Number         0  sys_exit.o ABSOLUTE
    ../clib/angel/sysapp.c                   0x00000000   Number         0  sys_exit_hlt.o ABSOLUTE
    ../clib/angel/sysapp.c                   0x00000000   Number         0  sys_command.o ABSOLUTE
    ../clib/angel/sysapp.c                   0x00000000   Number         0  sys_command_hlt.o ABSOLUTE
    ../clib/angel/sysapp.c                   0x00000000   Number         0  sys_wrch.o ABSOLUTE
    ../clib/angel/sysapp.c                   0x00000000   Number         0  sys_wrch_hlt.o ABSOLUTE
    ../clib/armsys.c                         0x00000000   Number         0  argv_veneer.o ABSOLUTE
    ../clib/armsys.c                         0x00000000   Number         0  argv_veneer.o ABSOLUTE
    ../clib/armsys.c                         0x00000000   Number         0  _get_argv_nomalloc.o ABSOLUTE
    ../clib/armsys.c                         0x00000000   Number         0  no_argv.o ABSOLUTE
    ../clib/bigflt.c                         0x00000000   Number         0  bigflt0.o ABSOLUTE
    ../clib/btod.s                           0x00000000   Number         0  btod.o ABSOLUTE
    ../clib/btod_accurate.c                  0x00000000   Number         0  btod_accurate.o ABSOLUTE
    ../clib/btod_accurate.c                  0x00000000   Number         0  btod_accurate_common.o ABSOLUTE
    ../clib/heapalloc.c                      0x00000000   Number         0  hrguard.o ABSOLUTE
    ../clib/heapaux.c                        0x00000000   Number         0  heapauxi.o ABSOLUTE
    ../clib/libinit.s                        0x00000000   Number         0  libinit.o ABSOLUTE
    ../clib/libinit.s                        0x00000000   Number         0  libinit2.o ABSOLUTE
    ../clib/libinit.s                        0x00000000   Number         0  libshutdown.o ABSOLUTE
    ../clib/libinit.s                        0x00000000   Number         0  libshutdown2.o ABSOLUTE
    ../clib/locale.c                         0x00000000   Number         0  _c16rtomb.o ABSOLUTE
    ../clib/locale.s                         0x00000000   Number         0  lc_numeric_c.o ABSOLUTE
    ../clib/locale.s                         0x00000000   Number         0  lc_ctype_c.o ABSOLUTE
    ../clib/longlong.s                       0x00000000   Number         0  lludiv10.o ABSOLUTE
    ../clib/longlong.s                       0x00000000   Number         0  llushr.o ABSOLUTE
    ../clib/memcpset.s                       0x00000000   Number         0  strcmpv7m.o ABSOLUTE
    ../clib/misc.s                           0x00000000   Number         0  printf_stubs.o ABSOLUTE
    ../clib/printf.c                         0x00000000   Number         0  sprintf.o ABSOLUTE
    ../clib/printf.c                         0x00000000   Number         0  __printf.o ABSOLUTE
    ../clib/printf.c                         0x00000000   Number         0  _printf_pad.o ABSOLUTE
    ../clib/printf.c                         0x00000000   Number         0  _printf_truncate.o ABSOLUTE
    ../clib/printf.c                         0x00000000   Number         0  _printf_str.o ABSOLUTE
    ../clib/printf.c                         0x00000000   Number         0  _printf_dec.o ABSOLUTE
    ../clib/printf.c                         0x00000000   Number         0  _printf_charcount.o ABSOLUTE
    ../clib/printf.c                         0x00000000   Number         0  _printf_char_common.o ABSOLUTE
    ../clib/printf.c                         0x00000000   Number         0  _sputc.o ABSOLUTE
    ../clib/printf.c                         0x00000000   Number         0  _printf_wctomb.o ABSOLUTE
    ../clib/printf.c                         0x00000000   Number         0  _printf_longlong_dec.o ABSOLUTE
    ../clib/printf.c                         0x00000000   Number         0  _printf_oct_ll.o ABSOLUTE
    ../clib/printf.c                         0x00000000   Number         0  _printf_oct_int.o ABSOLUTE
    ../clib/printf.c                         0x00000000   Number         0  _printf_oct_int_ll.o ABSOLUTE
    ../clib/printf.c                         0x00000000   Number         0  _printf_hex_ll.o ABSOLUTE
    ../clib/printf.c                         0x00000000   Number         0  _printf_hex_int.o ABSOLUTE
    ../clib/printf.c                         0x00000000   Number         0  _printf_hex_int_ll.o ABSOLUTE
    ../clib/printf.c                         0x00000000   Number         0  _printf_hex_ptr.o ABSOLUTE
    ../clib/printf.c                         0x00000000   Number         0  _printf_hex_int_ptr.o ABSOLUTE
    ../clib/printf.c                         0x00000000   Number         0  _printf_hex_ll_ptr.o ABSOLUTE
    ../clib/printf.c                         0x00000000   Number         0  _printf_hex_int_ll_ptr.o ABSOLUTE
    ../clib/printf.c                         0x00000000   Number         0  __printf_flags.o ABSOLUTE
    ../clib/printf.c                         0x00000000   Number         0  __printf_ss.o ABSOLUTE
    ../clib/printf.c                         0x00000000   Number         0  __printf_flags_ss.o ABSOLUTE
    ../clib/printf.c                         0x00000000   Number         0  __printf_wp.o ABSOLUTE
    ../clib/printf.c                         0x00000000   Number         0  __printf_flags_wp.o ABSOLUTE
    ../clib/printf.c                         0x00000000   Number         0  __printf_ss_wp.o ABSOLUTE
    ../clib/printf.c                         0x00000000   Number         0  __printf_flags_ss_wp.o ABSOLUTE
    ../clib/printf.c                         0x00000000   Number         0  _printf_intcommon.o ABSOLUTE
    ../clib/printf.c                         0x00000000   Number         0  _printf_fp_dec.o ABSOLUTE
    ../clib/printf.c                         0x00000000   Number         0  _printf_fp_dec_accurate.o ABSOLUTE
    ../clib/printf.c                         0x00000000   Number         0  _printf_fp_hex.o ABSOLUTE
    ../clib/printf.c                         0x00000000   Number         0  __printf_nopercent.o ABSOLUTE
    ../clib/printf.c                         0x00000000   Number         0  _printf_char.o ABSOLUTE
    ../clib/printf.c                         0x00000000   Number         0  _printf_wchar.o ABSOLUTE
    ../clib/printf.c                         0x00000000   Number         0  _printf_fp_infnan.o ABSOLUTE
    ../clib/printf_percent.s                 0x00000000   Number         0  _printf_c.o ABSOLUTE
    ../clib/printf_percent.s                 0x00000000   Number         0  _printf_s.o ABSOLUTE
    ../clib/printf_percent.s                 0x00000000   Number         0  _printf_n.o ABSOLUTE
    ../clib/printf_percent.s                 0x00000000   Number         0  _printf_x.o ABSOLUTE
    ../clib/printf_percent.s                 0x00000000   Number         0  _printf_p.o ABSOLUTE
    ../clib/printf_percent.s                 0x00000000   Number         0  _printf_o.o ABSOLUTE
    ../clib/printf_percent.s                 0x00000000   Number         0  _printf_i.o ABSOLUTE
    ../clib/printf_percent.s                 0x00000000   Number         0  _printf_d.o ABSOLUTE
    ../clib/printf_percent.s                 0x00000000   Number         0  _printf_u.o ABSOLUTE
    ../clib/printf_percent.s                 0x00000000   Number         0  _printf_f.o ABSOLUTE
    ../clib/printf_percent.s                 0x00000000   Number         0  _printf_e.o ABSOLUTE
    ../clib/printf_percent.s                 0x00000000   Number         0  _printf_g.o ABSOLUTE
    ../clib/printf_percent.s                 0x00000000   Number         0  _printf_a.o ABSOLUTE
    ../clib/printf_percent.s                 0x00000000   Number         0  _printf_percent.o ABSOLUTE
    ../clib/printf_percent.s                 0x00000000   Number         0  _printf_lli.o ABSOLUTE
    ../clib/printf_percent.s                 0x00000000   Number         0  _printf_lld.o ABSOLUTE
    ../clib/printf_percent.s                 0x00000000   Number         0  _printf_llu.o ABSOLUTE
    ../clib/printf_percent.s                 0x00000000   Number         0  _printf_ll.o ABSOLUTE
    ../clib/printf_percent.s                 0x00000000   Number         0  _printf_l.o ABSOLUTE
    ../clib/printf_percent.s                 0x00000000   Number         0  _printf_lc.o ABSOLUTE
    ../clib/printf_percent.s                 0x00000000   Number         0  _printf_ls.o ABSOLUTE
    ../clib/printf_percent.s                 0x00000000   Number         0  _printf_llo.o ABSOLUTE
    ../clib/printf_percent.s                 0x00000000   Number         0  _printf_llx.o ABSOLUTE
    ../clib/printf_percent.s                 0x00000000   Number         0  _printf_percent_end.o ABSOLUTE
    ../clib/signal.c                         0x00000000   Number         0  defsig_rtmem_outer.o ABSOLUTE
    ../clib/signal.c                         0x00000000   Number         0  defsig_rtmem_formal.o ABSOLUTE
    ../clib/signal.c                         0x00000000   Number         0  defsig_exit.o ABSOLUTE
    ../clib/signal.c                         0x00000000   Number         0  defsig_rtmem_inner.o ABSOLUTE
    ../clib/signal.c                         0x00000000   Number         0  __raise.o ABSOLUTE
    ../clib/signal.c                         0x00000000   Number         0  defsig_general.o ABSOLUTE
    ../clib/signal.c                         0x00000000   Number         0  defsig_abrt_inner.o ABSOLUTE
    ../clib/signal.c                         0x00000000   Number         0  defsig_fpe_inner.o ABSOLUTE
    ../clib/signal.c                         0x00000000   Number         0  defsig_rtred_inner.o ABSOLUTE
    ../clib/signal.c                         0x00000000   Number         0  defsig_stak_inner.o ABSOLUTE
    ../clib/signal.c                         0x00000000   Number         0  defsig_pvfn_inner.o ABSOLUTE
    ../clib/signal.c                         0x00000000   Number         0  defsig_cppl_inner.o ABSOLUTE
    ../clib/signal.c                         0x00000000   Number         0  defsig_segv_inner.o ABSOLUTE
    ../clib/signal.c                         0x00000000   Number         0  defsig_other.o ABSOLUTE
    ../clib/signal.s                         0x00000000   Number         0  defsig.o ABSOLUTE
    ../clib/stdlib.c                         0x00000000   Number         0  exit.o ABSOLUTE
    ../fplib/fpinit.s                        0x00000000   Number         0  fpinit.o ABSOLUTE
    ../fplib/fpinit_empty.s                  0x00000000   Number         0  fpinit_empty.o ABSOLUTE
    ../fplib/istatus.s                       0x00000000   Number         0  istatus.o ABSOLUTE
    ../fplib/printf1.s                       0x00000000   Number         0  printf1.o ABSOLUTE
    ../fplib/printf2.s                       0x00000000   Number         0  printf2.o ABSOLUTE
    ../fplib/printf2a.s                      0x00000000   Number         0  printf2a.o ABSOLUTE
    ../fplib/printf2b.s                      0x00000000   Number         0  printf2b.o ABSOLUTE
    ../fplib/usenofp.s                       0x00000000   Number         0  usenofp.o ABSOLUTE
    ../mathlib/fpclassify.c                  0x00000000   Number         0  fpclassify.o ABSOLUTE
    GPIO_STM32F10x.c                         0x00000000   Number         0  gpio_stm32f10x.o ABSOLUTE
    RTE/Device/STM32F100RB/startup_stm32f10x_md_vl.s 0x00000000   Number         0  startup_stm32f10x_md_vl.o ABSOLUTE
    dc.s                                     0x00000000   Number         0  dc.o ABSOLUTE
    main.c                                   0x00000000   Number         0  main.o ABSOLUTE
    misc.c                                   0x00000000   Number         0  misc.o ABSOLUTE
    stm32f10x_adc.c                          0x00000000   Number         0  stm32f10x_adc.o ABSOLUTE
    stm32f10x_dac.c                          0x00000000   Number         0  stm32f10x_dac.o ABSOLUTE
    stm32f10x_exti.c                         0x00000000   Number         0  stm32f10x_exti.o ABSOLUTE
    stm32f10x_gpio.c                         0x00000000   Number         0  stm32f10x_gpio.o ABSOLUTE
    stm32f10x_iwdg.c                         0x00000000   Number         0  stm32f10x_iwdg.o ABSOLUTE
    stm32f10x_rcc.c                          0x00000000   Number         0  stm32f10x_rcc.o ABSOLUTE
    stm32f10x_rtc.c                          0x00000000   Number         0  stm32f10x_rtc.o ABSOLUTE
    stm32f10x_tim.c                          0x00000000   Number         0  stm32f10x_tim.o ABSOLUTE
    stm32f10x_usart.c                        0x00000000   Number         0  stm32f10x_usart.o ABSOLUTE
    system_stm32f10x.c                       0x00000000   Number         0  system_stm32f10x.o ABSOLUTE
    RESET                                    0x08000000   Section      288  startup_stm32f10x_md_vl.o(RESET)
    !!!main                                  0x08000120   Section        8  __main.o(!!!main)
    !!!scatter                               0x08000128   Section       52  __scatter.o(!!!scatter)
    !!dclz77c                                0x0800015c   Section      100  __dclz77c.o(!!dclz77c)
    !!handler_zi                             0x080001c0   Section       28  __scatter_zi.o(!!handler_zi)
    .ARM.Collect$$_printf_percent$$00000000  0x080001dc   Section        0  _printf_percent.o(.ARM.Collect$$_printf_percent$$00000000)
    .ARM.Collect$$_printf_percent$$00000001  0x080001dc   Section        6  _printf_n.o(.ARM.Collect$$_printf_percent$$00000001)
    .ARM.Collect$$_printf_percent$$00000002  0x080001e2   Section        6  _printf_p.o(.ARM.Collect$$_printf_percent$$00000002)
    .ARM.Collect$$_printf_percent$$00000003  0x080001e8   Section        6  _printf_f.o(.ARM.Collect$$_printf_percent$$00000003)
    .ARM.Collect$$_printf_percent$$00000004  0x080001ee   Section        6  _printf_e.o(.ARM.Collect$$_printf_percent$$00000004)
    .ARM.Collect$$_printf_percent$$00000005  0x080001f4   Section        6  _printf_g.o(.ARM.Collect$$_printf_percent$$00000005)
    .ARM.Collect$$_printf_percent$$00000006  0x080001fa   Section        6  _printf_a.o(.ARM.Collect$$_printf_percent$$00000006)
    .ARM.Collect$$_printf_percent$$00000007  0x08000200   Section       10  _printf_ll.o(.ARM.Collect$$_printf_percent$$00000007)
    .ARM.Collect$$_printf_percent$$00000008  0x0800020a   Section        6  _printf_i.o(.ARM.Collect$$_printf_percent$$00000008)
    .ARM.Collect$$_printf_percent$$00000009  0x08000210   Section        6  _printf_d.o(.ARM.Collect$$_printf_percent$$00000009)
    .ARM.Collect$$_printf_percent$$0000000A  0x08000216   Section        6  _printf_u.o(.ARM.Collect$$_printf_percent$$0000000A)
    .ARM.Collect$$_printf_percent$$0000000B  0x0800021c   Section        6  _printf_o.o(.ARM.Collect$$_printf_percent$$0000000B)
    .ARM.Collect$$_printf_percent$$0000000C  0x08000222   Section        6  _printf_x.o(.ARM.Collect$$_printf_percent$$0000000C)
    .ARM.Collect$$_printf_percent$$0000000D  0x08000228   Section        6  _printf_lli.o(.ARM.Collect$$_printf_percent$$0000000D)
    .ARM.Collect$$_printf_percent$$0000000E  0x0800022e   Section        6  _printf_lld.o(.ARM.Collect$$_printf_percent$$0000000E)
    .ARM.Collect$$_printf_percent$$0000000F  0x08000234   Section        6  _printf_llu.o(.ARM.Collect$$_printf_percent$$0000000F)
    .ARM.Collect$$_printf_percent$$00000010  0x0800023a   Section        6  _printf_llo.o(.ARM.Collect$$_printf_percent$$00000010)
    .ARM.Collect$$_printf_percent$$00000011  0x08000240   Section        6  _printf_llx.o(.ARM.Collect$$_printf_percent$$00000011)
    .ARM.Collect$$_printf_percent$$00000012  0x08000246   Section       10  _printf_l.o(.ARM.Collect$$_printf_percent$$00000012)
    .ARM.Collect$$_printf_percent$$00000013  0x08000250   Section        6  _printf_c.o(.ARM.Collect$$_printf_percent$$00000013)
    .ARM.Collect$$_printf_percent$$00000014  0x08000256   Section        6  _printf_s.o(.ARM.Collect$$_printf_percent$$00000014)
    .ARM.Collect$$_printf_percent$$00000015  0x0800025c   Section        6  _printf_lc.o(.ARM.Collect$$_printf_percent$$00000015)
    .ARM.Collect$$_printf_percent$$00000016  0x08000262   Section        6  _printf_ls.o(.ARM.Collect$$_printf_percent$$00000016)
    .ARM.Collect$$_printf_percent$$00000017  0x08000268   Section        4  _printf_percent_end.o(.ARM.Collect$$_printf_percent$$00000017)
    .ARM.Collect$$libinit$$00000000          0x0800026c   Section        2  libinit.o(.ARM.Collect$$libinit$$00000000)
    .ARM.Collect$$libinit$$00000002          0x0800026e   Section        0  libinit2.o(.ARM.Collect$$libinit$$00000002)
    .ARM.Collect$$libinit$$00000004          0x0800026e   Section        0  libinit2.o(.ARM.Collect$$libinit$$00000004)
    .ARM.Collect$$libinit$$0000000A          0x0800026e   Section        0  libinit2.o(.ARM.Collect$$libinit$$0000000A)
    .ARM.Collect$$libinit$$0000000C          0x0800026e   Section        0  libinit2.o(.ARM.Collect$$libinit$$0000000C)
    .ARM.Collect$$libinit$$0000000E          0x0800026e   Section        0  libinit2.o(.ARM.Collect$$libinit$$0000000E)
    .ARM.Collect$$libinit$$0000000F          0x0800026e   Section        6  libinit2.o(.ARM.Collect$$libinit$$0000000F)
    .ARM.Collect$$libinit$$00000011          0x08000274   Section        0  libinit2.o(.ARM.Collect$$libinit$$00000011)
    .ARM.Collect$$libinit$$00000012          0x08000274   Section       12  libinit2.o(.ARM.Collect$$libinit$$00000012)
    .ARM.Collect$$libinit$$00000013          0x08000280   Section        0  libinit2.o(.ARM.Collect$$libinit$$00000013)
    .ARM.Collect$$libinit$$00000015          0x08000280   Section        0  libinit2.o(.ARM.Collect$$libinit$$00000015)
    .ARM.Collect$$libinit$$00000016          0x08000280   Section       10  libinit2.o(.ARM.Collect$$libinit$$00000016)
    .ARM.Collect$$libinit$$00000017          0x0800028a   Section        0  libinit2.o(.ARM.Collect$$libinit$$00000017)
    .ARM.Collect$$libinit$$00000019          0x0800028a   Section        0  libinit2.o(.ARM.Collect$$libinit$$00000019)
    .ARM.Collect$$libinit$$0000001B          0x0800028a   Section        0  libinit2.o(.ARM.Collect$$libinit$$0000001B)
    .ARM.Collect$$libinit$$0000001D          0x0800028a   Section        0  libinit2.o(.ARM.Collect$$libinit$$0000001D)
    .ARM.Collect$$libinit$$0000001F          0x0800028a   Section        0  libinit2.o(.ARM.Collect$$libinit$$0000001F)
    .ARM.Collect$$libinit$$00000021          0x0800028a   Section        0  libinit2.o(.ARM.Collect$$libinit$$00000021)
    .ARM.Collect$$libinit$$00000023          0x0800028a   Section        0  libinit2.o(.ARM.Collect$$libinit$$00000023)
    .ARM.Collect$$libinit$$00000025          0x0800028a   Section        0  libinit2.o(.ARM.Collect$$libinit$$00000025)
    .ARM.Collect$$libinit$$0000002C          0x0800028a   Section        0  libinit2.o(.ARM.Collect$$libinit$$0000002C)
    .ARM.Collect$$libinit$$0000002E          0x0800028a   Section        0  libinit2.o(.ARM.Collect$$libinit$$0000002E)
    .ARM.Collect$$libinit$$00000030          0x0800028a   Section        0  libinit2.o(.ARM.Collect$$libinit$$00000030)
    .ARM.Collect$$libinit$$00000032          0x0800028a   Section        0  libinit2.o(.ARM.Collect$$libinit$$00000032)
    .ARM.Collect$$libinit$$00000033          0x0800028a   Section        2  libinit2.o(.ARM.Collect$$libinit$$00000033)
    .ARM.Collect$$libshutdown$$00000000      0x0800028c   Section        2  libshutdown.o(.ARM.Collect$$libshutdown$$00000000)
    .ARM.Collect$$libshutdown$$00000002      0x0800028e   Section        0  libshutdown2.o(.ARM.Collect$$libshutdown$$00000002)
    .ARM.Collect$$libshutdown$$00000004      0x0800028e   Section        0  libshutdown2.o(.ARM.Collect$$libshutdown$$00000004)
    .ARM.Collect$$libshutdown$$00000007      0x0800028e   Section        0  libshutdown2.o(.ARM.Collect$$libshutdown$$00000007)
    .ARM.Collect$$libshutdown$$0000000A      0x0800028e   Section        0  libshutdown2.o(.ARM.Collect$$libshutdown$$0000000A)
    .ARM.Collect$$libshutdown$$0000000C      0x0800028e   Section        0  libshutdown2.o(.ARM.Collect$$libshutdown$$0000000C)
    .ARM.Collect$$libshutdown$$0000000F      0x0800028e   Section        0  libshutdown2.o(.ARM.Collect$$libshutdown$$0000000F)
    .ARM.Collect$$libshutdown$$00000010      0x0800028e   Section        2  libshutdown2.o(.ARM.Collect$$libshutdown$$00000010)
    .ARM.Collect$$rtentry$$00000000          0x08000290   Section        0  __rtentry.o(.ARM.Collect$$rtentry$$00000000)
    .ARM.Collect$$rtentry$$00000002          0x08000290   Section        0  __rtentry2.o(.ARM.Collect$$rtentry$$00000002)
    .ARM.Collect$$rtentry$$00000004          0x08000290   Section        6  __rtentry4.o(.ARM.Collect$$rtentry$$00000004)
    .ARM.Collect$$rtentry$$00000009          0x08000296   Section        0  __rtentry2.o(.ARM.Collect$$rtentry$$00000009)
    .ARM.Collect$$rtentry$$0000000A          0x08000296   Section        4  __rtentry2.o(.ARM.Collect$$rtentry$$0000000A)
    .ARM.Collect$$rtentry$$0000000C          0x0800029a   Section        0  __rtentry2.o(.ARM.Collect$$rtentry$$0000000C)
    .ARM.Collect$$rtentry$$0000000D          0x0800029a   Section        8  __rtentry2.o(.ARM.Collect$$rtentry$$0000000D)
    .ARM.Collect$$rtexit$$00000000           0x080002a2   Section        2  rtexit.o(.ARM.Collect$$rtexit$$00000000)
    .ARM.Collect$$rtexit$$00000002           0x080002a4   Section        0  rtexit2.o(.ARM.Collect$$rtexit$$00000002)
    .ARM.Collect$$rtexit$$00000003           0x080002a4   Section        4  rtexit2.o(.ARM.Collect$$rtexit$$00000003)
    .ARM.Collect$$rtexit$$00000004           0x080002a8   Section        6  rtexit2.o(.ARM.Collect$$rtexit$$00000004)
    .text                                    0x080002b0   Section       64  startup_stm32f10x_md_vl.o(.text)
    .text                                    0x080002f0   Section        0  sprintf.o(.text)
    .text                                    0x0800031c   Section        0  heapauxi.o(.text)
    .text                                    0x08000322   Section        0  _printf_pad.o(.text)
    .text                                    0x08000370   Section        0  _printf_truncate.o(.text)
    .text                                    0x08000394   Section        0  _printf_str.o(.text)
    .text                                    0x080003e8   Section        0  _printf_dec.o(.text)
    .text                                    0x08000460   Section        0  _printf_charcount.o(.text)
    _printf_input_char                       0x08000489   Thumb Code    10  _printf_char_common.o(.text)
    .text                                    0x08000488   Section        0  _printf_char_common.o(.text)
    .text                                    0x080004b8   Section        0  _sputc.o(.text)
    .text                                    0x080004c4   Section        0  _printf_wctomb.o(.text)
    .text                                    0x08000580   Section        0  _printf_longlong_dec.o(.text)
    _printf_longlong_oct_internal            0x080005fd   Thumb Code     0  _printf_oct_int_ll.o(.text)
    .text                                    0x080005fc   Section        0  _printf_oct_int_ll.o(.text)
    _printf_hex_common                       0x0800066d   Thumb Code     0  _printf_hex_int_ll_ptr.o(.text)
    .text                                    0x0800066c   Section        0  _printf_hex_int_ll_ptr.o(.text)
    .text                                    0x08000700   Section        0  __printf_flags_ss_wp.o(.text)
    .text                                    0x08000888   Section      138  lludiv10.o(.text)
    .text                                    0x08000912   Section        0  _printf_intcommon.o(.text)
    _fp_digits                               0x080009c5   Thumb Code   432  _printf_fp_dec.o(.text)
    .text                                    0x080009c4   Section        0  _printf_fp_dec.o(.text)
    .text                                    0x08000de0   Section        0  _printf_fp_hex.o(.text)
    .text                                    0x080010dc   Section        0  _printf_char.o(.text)
    .text                                    0x08001108   Section        0  _printf_wchar.o(.text)
    .text                                    0x08001134   Section        0  _c16rtomb.o(.text)
    .text                                    0x0800117c   Section       74  sys_stackheap_outer.o(.text)
    .text                                    0x080011c8   Section       16  rt_ctype_table.o(.text)
    .text                                    0x080011d8   Section        8  rt_locale_intlibspace.o(.text)
    .text                                    0x080011e0   Section        0  _printf_fp_infnan.o(.text)
    .text                                    0x08001260   Section        0  bigflt0.o(.text)
    .text                                    0x08001344   Section        0  exit.o(.text)
    .text                                    0x08001358   Section        8  libspace.o(.text)
    .text                                    0x08001360   Section      128  strcmpv7m.o(.text)
    .text                                    0x080013e0   Section        0  sys_exit.o(.text)
    .text                                    0x080013ec   Section        2  use_no_semi.o(.text)
    .text                                    0x080013ee   Section        0  indicate_semi.o(.text)
    [Anonymous Symbol]                       0x080013f0   Section        0  main.o(.text.BA63_ClearVFD)
    [Anonymous Symbol]                       0x08001440   Section        0  main.o(.text.BA63_DeleteToEndline)
    [Anonymous Symbol]                       0x08001490   Section        0  main.o(.text.BA63_SendString)
    [Anonymous Symbol]                       0x080014fc   Section        0  main.o(.text.BA63_SetCP)
    [Anonymous Symbol]                       0x080015c4   Section        0  main.o(.text.BA63_SetPos)
    [Anonymous Symbol]                       0x08001660   Section        0  stm32f10x_gpio.o(.text.GPIO_Init)
    [Anonymous Symbol]                       0x080017e8   Section        0  stm32f10x_gpio.o(.text.GPIO_StructInit)
    [Anonymous Symbol]                       0x08001804   Section        0  stm32f10x_rcc.o(.text.RCC_APB1PeriphClockCmd)
    [Anonymous Symbol]                       0x0800183c   Section        0  stm32f10x_rcc.o(.text.RCC_APB2PeriphClockCmd)
    [Anonymous Symbol]                       0x08001874   Section        0  stm32f10x_rcc.o(.text.RCC_GetClocksFreq)
    SetSysClock                              0x080019dd   Thumb Code     8  system_stm32f10x.o(.text.SetSysClock)
    [Anonymous Symbol]                       0x080019dc   Section        0  system_stm32f10x.o(.text.SetSysClock)
    SetSysClockTo24                          0x080019e5   Thumb Code   254  system_stm32f10x.o(.text.SetSysClockTo24)
    [Anonymous Symbol]                       0x080019e4   Section        0  system_stm32f10x.o(.text.SetSysClockTo24)
    [Anonymous Symbol]                       0x08001ae4   Section        0  system_stm32f10x.o(.text.SystemInit)
    [Anonymous Symbol]                       0x08001b58   Section        0  stm32f10x_tim.o(.text.TIM_Cmd)
    [Anonymous Symbol]                       0x08001b84   Section        0  stm32f10x_tim.o(.text.TIM_TimeBaseInit)
    [Anonymous Symbol]                       0x08001cc8   Section        0  stm32f10x_tim.o(.text.TIM_TimeBaseStructInit)
    [Anonymous Symbol]                       0x08001cec   Section        0  stm32f10x_usart.o(.text.USART_Cmd)
    [Anonymous Symbol]                       0x08001d18   Section        0  stm32f10x_usart.o(.text.USART_GetFlagStatus)
    [Anonymous Symbol]                       0x08001d5c   Section        0  stm32f10x_usart.o(.text.USART_Init)
    [Anonymous Symbol]                       0x08001eb8   Section        0  stm32f10x_usart.o(.text.USART_SendData)
    [Anonymous Symbol]                       0x08001ed0   Section        0  stm32f10x_usart.o(.text.USART_StructInit)
    [Anonymous Symbol]                       0x08001ef8   Section        0  main.o(.text.delayMs)
    [Anonymous Symbol]                       0x08001f48   Section        0  main.o(.text.main)
    CL$$btod_d2e                             0x0800227e   Section       62  btod.o(CL$$btod_d2e)
    CL$$btod_d2e_denorm_low                  0x080022bc   Section       70  btod.o(CL$$btod_d2e_denorm_low)
    CL$$btod_d2e_norm_op1                    0x08002302   Section       96  btod.o(CL$$btod_d2e_norm_op1)
    CL$$btod_div_common                      0x08002364   Section      824  btod.o(CL$$btod_div_common)
    CL$$btod_e2e                             0x0800269c   Section      220  btod.o(CL$$btod_e2e)
    CL$$btod_ediv                            0x08002778   Section       42  btod.o(CL$$btod_ediv)
    CL$$btod_emul                            0x080027a2   Section       42  btod.o(CL$$btod_emul)
    CL$$btod_mult_common                     0x080027cc   Section      580  btod.o(CL$$btod_mult_common)
    i.__ARM_fpclassify                       0x08002a10   Section        0  fpclassify.o(i.__ARM_fpclassify)
    i._is_digit                              0x08002a38   Section        0  __printf_wp.o(i._is_digit)
    locale$$code                             0x08002a48   Section       44  lc_numeric_c.o(locale$$code)
    locale$$code                             0x08002a74   Section       44  lc_ctype_c.o(locale$$code)
    x$fpl$printf1                            0x08002aa0   Section        4  printf1.o(x$fpl$printf1)
    x$fpl$printf2                            0x08002aa4   Section        4  printf2.o(x$fpl$printf2)
    initial_mbstate                          0x08002aa8   Data           8  _printf_wctomb.o(.constdata)
    .constdata                               0x08002aa8   Section        8  _printf_wctomb.o(.constdata)
    x$fpl$usenofp                            0x08002aa8   Section        0  usenofp.o(x$fpl$usenofp)
    uc_hextab                                0x08002ab0   Data          20  _printf_hex_int_ll_ptr.o(.constdata)
    .constdata                               0x08002ab0   Section       40  _printf_hex_int_ll_ptr.o(.constdata)
    lc_hextab                                0x08002ac4   Data          20  _printf_hex_int_ll_ptr.o(.constdata)
    maptable                                 0x08002ad8   Data          17  __printf_flags_ss_wp.o(.constdata)
    .constdata                               0x08002ad8   Section       17  __printf_flags_ss_wp.o(.constdata)
    lc_hextab                                0x08002ae9   Data          19  _printf_fp_hex.o(.constdata)
    .constdata                               0x08002ae9   Section       38  _printf_fp_hex.o(.constdata)
    uc_hextab                                0x08002afc   Data          19  _printf_fp_hex.o(.constdata)
    tenpwrs_x                                0x08002b10   Data          60  bigflt0.o(.constdata)
    .constdata                               0x08002b10   Section      148  bigflt0.o(.constdata)
    tenpwrs_i                                0x08002b4c   Data          64  bigflt0.o(.constdata)
    ADCPrescTable                            0x08002ba4   Data           4  stm32f10x_rcc.o(.rodata.ADCPrescTable)
    [Anonymous Symbol]                       0x08002ba4   Section        0  stm32f10x_rcc.o(.rodata.ADCPrescTable)
    APBAHBPrescTable                         0x08002ba8   Data          16  stm32f10x_rcc.o(.rodata.APBAHBPrescTable)
    [Anonymous Symbol]                       0x08002ba8   Section        0  stm32f10x_rcc.o(.rodata.APBAHBPrescTable)
    .L.str                                   0x08002bb8   Data           3  main.o(.rodata.str1.1)
    [Anonymous Symbol]                       0x08002bb8   Section        0  main.o(.rodata.str1.1)
    locale$$data                             0x08002bdc   Section       28  lc_numeric_c.o(locale$$data)
    __lcnum_c_name                           0x08002be0   Data           2  lc_numeric_c.o(locale$$data)
    __lcnum_c_start                          0x08002be8   Data           0  lc_numeric_c.o(locale$$data)
    __lcnum_c_point                          0x08002bf4   Data           0  lc_numeric_c.o(locale$$data)
    __lcnum_c_thousands                      0x08002bf6   Data           0  lc_numeric_c.o(locale$$data)
    __lcnum_c_grouping                       0x08002bf7   Data           0  lc_numeric_c.o(locale$$data)
    __lcnum_c_end                            0x08002bf8   Data           0  lc_numeric_c.o(locale$$data)
    locale$$data                             0x08002bf8   Section      272  lc_ctype_c.o(locale$$data)
    __lcctype_c_name                         0x08002bfc   Data           2  lc_ctype_c.o(locale$$data)
    __lcctype_c_start                        0x08002c04   Data           0  lc_ctype_c.o(locale$$data)
    __lcctype_c_end                          0x08002d08   Data           0  lc_ctype_c.o(locale$$data)
    .bss                                     0x200001f8   Section       96  libspace.o(.bss)
    Heap_Mem                                 0x20000258   Data         512  startup_stm32f10x_md_vl.o(HEAP)
    HEAP                                     0x20000258   Section      512  startup_stm32f10x_md_vl.o(HEAP)
    Stack_Mem                                0x20000458   Data        1024  startup_stm32f10x_md_vl.o(STACK)
    STACK                                    0x20000458   Section     1024  startup_stm32f10x_md_vl.o(STACK)
    __initial_sp                             0x20000858   Data           0  startup_stm32f10x_md_vl.o(STACK)

    Global Symbols

    Symbol Name                              Value     Ov Type        Size  Object(Section)

    BuildAttributes$$THM_ISAv4$P$D$K$B$S$PE$A:L22UL41UL21$X:L11$S22US41US21$IEEE1$IW$~IW$USESV6$~STKCKD$USESV7$~SHL$OTIME$ROPI$IEEEJ$EBA8$UX$STANDARDLIB$REQ8$PRES8$EABIv2 0x00000000   Number         0  anon$$obj.o ABSOLUTE
    __fp_init_empty                          0x00000000   Number         0  fpinit_empty.o ABSOLUTE
    _printf_flags                            0x00000000   Number         0  printf_stubs.o ABSOLUTE
    _printf_return_value                     0x00000000   Number         0  printf_stubs.o ABSOLUTE
    _printf_sizespec                         0x00000000   Number         0  printf_stubs.o ABSOLUTE
    _printf_widthprec                        0x00000000   Number         0  printf_stubs.o ABSOLUTE
    __ARM_exceptions_init                     - Undefined Weak Reference
    __alloca_initialize                       - Undefined Weak Reference
    __arm_preinit_                            - Undefined Weak Reference
    __cpp_initialize__aeabi_                  - Undefined Weak Reference
    __cxa_finalize                            - Undefined Weak Reference
    __sigvec_lookup                           - Undefined Weak Reference
    _atexit_init                              - Undefined Weak Reference
    _call_atexit_fns                          - Undefined Weak Reference
    _clock_init                               - Undefined Weak Reference
    _fp_trap_init                             - Undefined Weak Reference
    _fp_trap_shutdown                         - Undefined Weak Reference
    _get_lc_collate                           - Undefined Weak Reference
    _get_lc_monetary                          - Undefined Weak Reference
    _get_lc_time                              - Undefined Weak Reference
    _getenv_init                              - Undefined Weak Reference
    _handle_redirection                       - Undefined Weak Reference
    _init_alloc                               - Undefined Weak Reference
    _init_user_alloc                          - Undefined Weak Reference
    _initio                                   - Undefined Weak Reference
    _printf_mbtowc                            - Undefined Weak Reference
    _printf_wc                                - Undefined Weak Reference
    _rand_init                                - Undefined Weak Reference
    _signal_finish                            - Undefined Weak Reference
    _signal_init                              - Undefined Weak Reference
    _terminate_alloc                          - Undefined Weak Reference
    _terminate_user_alloc                     - Undefined Weak Reference
    _terminateio                              - Undefined Weak Reference
    __Vectors_Size                           0x00000120   Number         0  startup_stm32f10x_md_vl.o ABSOLUTE
    __Vectors                                0x08000000   Data           4  startup_stm32f10x_md_vl.o(RESET)
    __Vectors_End                            0x08000120   Data           0  startup_stm32f10x_md_vl.o(RESET)
    __main                                   0x08000121   Thumb Code     8  __main.o(!!!main)
    __scatterload                            0x08000129   Thumb Code     0  __scatter.o(!!!scatter)
    __scatterload_rt2                        0x08000129   Thumb Code    44  __scatter.o(!!!scatter)
    __scatterload_rt2_thumb_only             0x08000129   Thumb Code     0  __scatter.o(!!!scatter)
    __scatterload_null                       0x08000137   Thumb Code     0  __scatter.o(!!!scatter)
    __decompress                             0x0800015d   Thumb Code   100  __dclz77c.o(!!dclz77c)
    __decompress2                            0x0800015d   Thumb Code     0  __dclz77c.o(!!dclz77c)
    __scatterload_zeroinit                   0x080001c1   Thumb Code    28  __scatter_zi.o(!!handler_zi)
    _printf_n                                0x080001dd   Thumb Code     0  _printf_n.o(.ARM.Collect$$_printf_percent$$00000001)
    _printf_percent                          0x080001dd   Thumb Code     0  _printf_percent.o(.ARM.Collect$$_printf_percent$$00000000)
    _printf_p                                0x080001e3   Thumb Code     0  _printf_p.o(.ARM.Collect$$_printf_percent$$00000002)
    _printf_f                                0x080001e9   Thumb Code     0  _printf_f.o(.ARM.Collect$$_printf_percent$$00000003)
    _printf_e                                0x080001ef   Thumb Code     0  _printf_e.o(.ARM.Collect$$_printf_percent$$00000004)
    _printf_g                                0x080001f5   Thumb Code     0  _printf_g.o(.ARM.Collect$$_printf_percent$$00000005)
    _printf_a                                0x080001fb   Thumb Code     0  _printf_a.o(.ARM.Collect$$_printf_percent$$00000006)
    _printf_ll                               0x08000201   Thumb Code     0  _printf_ll.o(.ARM.Collect$$_printf_percent$$00000007)
    _printf_i                                0x0800020b   Thumb Code     0  _printf_i.o(.ARM.Collect$$_printf_percent$$00000008)
    _printf_d                                0x08000211   Thumb Code     0  _printf_d.o(.ARM.Collect$$_printf_percent$$00000009)
    _printf_u                                0x08000217   Thumb Code     0  _printf_u.o(.ARM.Collect$$_printf_percent$$0000000A)
    _printf_o                                0x0800021d   Thumb Code     0  _printf_o.o(.ARM.Collect$$_printf_percent$$0000000B)
    _printf_x                                0x08000223   Thumb Code     0  _printf_x.o(.ARM.Collect$$_printf_percent$$0000000C)
    _printf_lli                              0x08000229   Thumb Code     0  _printf_lli.o(.ARM.Collect$$_printf_percent$$0000000D)
    _printf_lld                              0x0800022f   Thumb Code     0  _printf_lld.o(.ARM.Collect$$_printf_percent$$0000000E)
    _printf_llu                              0x08000235   Thumb Code     0  _printf_llu.o(.ARM.Collect$$_printf_percent$$0000000F)
    _printf_llo                              0x0800023b   Thumb Code     0  _printf_llo.o(.ARM.Collect$$_printf_percent$$00000010)
    _printf_llx                              0x08000241   Thumb Code     0  _printf_llx.o(.ARM.Collect$$_printf_percent$$00000011)
    _printf_l                                0x08000247   Thumb Code     0  _printf_l.o(.ARM.Collect$$_printf_percent$$00000012)
    _printf_c                                0x08000251   Thumb Code     0  _printf_c.o(.ARM.Collect$$_printf_percent$$00000013)
    _printf_s                                0x08000257   Thumb Code     0  _printf_s.o(.ARM.Collect$$_printf_percent$$00000014)
    _printf_lc                               0x0800025d   Thumb Code     0  _printf_lc.o(.ARM.Collect$$_printf_percent$$00000015)
    _printf_ls                               0x08000263   Thumb Code     0  _printf_ls.o(.ARM.Collect$$_printf_percent$$00000016)
    _printf_percent_end                      0x08000269   Thumb Code     0  _printf_percent_end.o(.ARM.Collect$$_printf_percent$$00000017)
    __rt_lib_init                            0x0800026d   Thumb Code     0  libinit.o(.ARM.Collect$$libinit$$00000000)
    __rt_lib_init_fp_1                       0x0800026f   Thumb Code     0  libinit2.o(.ARM.Collect$$libinit$$00000002)
    __rt_lib_init_heap_1                     0x0800026f   Thumb Code     0  libinit2.o(.ARM.Collect$$libinit$$0000000A)
    __rt_lib_init_lc_common                  0x0800026f   Thumb Code     0  libinit2.o(.ARM.Collect$$libinit$$0000000F)
    __rt_lib_init_preinit_1                  0x0800026f   Thumb Code     0  libinit2.o(.ARM.Collect$$libinit$$00000004)
    __rt_lib_init_rand_1                     0x0800026f   Thumb Code     0  libinit2.o(.ARM.Collect$$libinit$$0000000E)
    __rt_lib_init_user_alloc_1               0x0800026f   Thumb Code     0  libinit2.o(.ARM.Collect$$libinit$$0000000C)
    __rt_lib_init_lc_collate_1               0x08000275   Thumb Code     0  libinit2.o(.ARM.Collect$$libinit$$00000011)
    __rt_lib_init_lc_ctype_2                 0x08000275   Thumb Code     0  libinit2.o(.ARM.Collect$$libinit$$00000012)
    __rt_lib_init_lc_ctype_1                 0x08000281   Thumb Code     0  libinit2.o(.ARM.Collect$$libinit$$00000013)
    __rt_lib_init_lc_monetary_1              0x08000281   Thumb Code     0  libinit2.o(.ARM.Collect$$libinit$$00000015)
    __rt_lib_init_lc_numeric_2               0x08000281   Thumb Code     0  libinit2.o(.ARM.Collect$$libinit$$00000016)
    __rt_lib_init_alloca_1                   0x0800028b   Thumb Code     0  libinit2.o(.ARM.Collect$$libinit$$0000002E)
    __rt_lib_init_argv_1                     0x0800028b   Thumb Code     0  libinit2.o(.ARM.Collect$$libinit$$0000002C)
    __rt_lib_init_atexit_1                   0x0800028b   Thumb Code     0  libinit2.o(.ARM.Collect$$libinit$$0000001B)
    __rt_lib_init_clock_1                    0x0800028b   Thumb Code     0  libinit2.o(.ARM.Collect$$libinit$$00000021)
    __rt_lib_init_cpp_1                      0x0800028b   Thumb Code     0  libinit2.o(.ARM.Collect$$libinit$$00000032)
    __rt_lib_init_exceptions_1               0x0800028b   Thumb Code     0  libinit2.o(.ARM.Collect$$libinit$$00000030)
    __rt_lib_init_fp_trap_1                  0x0800028b   Thumb Code     0  libinit2.o(.ARM.Collect$$libinit$$0000001F)
    __rt_lib_init_getenv_1                   0x0800028b   Thumb Code     0  libinit2.o(.ARM.Collect$$libinit$$00000023)
    __rt_lib_init_lc_numeric_1               0x0800028b   Thumb Code     0  libinit2.o(.ARM.Collect$$libinit$$00000017)
    __rt_lib_init_lc_time_1                  0x0800028b   Thumb Code     0  libinit2.o(.ARM.Collect$$libinit$$00000019)
    __rt_lib_init_return                     0x0800028b   Thumb Code     0  libinit2.o(.ARM.Collect$$libinit$$00000033)
    __rt_lib_init_signal_1                   0x0800028b   Thumb Code     0  libinit2.o(.ARM.Collect$$libinit$$0000001D)
    __rt_lib_init_stdio_1                    0x0800028b   Thumb Code     0  libinit2.o(.ARM.Collect$$libinit$$00000025)
    __rt_lib_shutdown                        0x0800028d   Thumb Code     0  libshutdown.o(.ARM.Collect$$libshutdown$$00000000)
    __rt_lib_shutdown_cpp_1                  0x0800028f   Thumb Code     0  libshutdown2.o(.ARM.Collect$$libshutdown$$00000002)
    __rt_lib_shutdown_fp_trap_1              0x0800028f   Thumb Code     0  libshutdown2.o(.ARM.Collect$$libshutdown$$00000007)
    __rt_lib_shutdown_heap_1                 0x0800028f   Thumb Code     0  libshutdown2.o(.ARM.Collect$$libshutdown$$0000000F)
    __rt_lib_shutdown_return                 0x0800028f   Thumb Code     0  libshutdown2.o(.ARM.Collect$$libshutdown$$00000010)
    __rt_lib_shutdown_signal_1               0x0800028f   Thumb Code     0  libshutdown2.o(.ARM.Collect$$libshutdown$$0000000A)
    __rt_lib_shutdown_stdio_1                0x0800028f   Thumb Code     0  libshutdown2.o(.ARM.Collect$$libshutdown$$00000004)
    __rt_lib_shutdown_user_alloc_1           0x0800028f   Thumb Code     0  libshutdown2.o(.ARM.Collect$$libshutdown$$0000000C)
    __rt_entry                               0x08000291   Thumb Code     0  __rtentry.o(.ARM.Collect$$rtentry$$00000000)
    __rt_entry_presh_1                       0x08000291   Thumb Code     0  __rtentry2.o(.ARM.Collect$$rtentry$$00000002)
    __rt_entry_sh                            0x08000291   Thumb Code     0  __rtentry4.o(.ARM.Collect$$rtentry$$00000004)
    __rt_entry_li                            0x08000297   Thumb Code     0  __rtentry2.o(.ARM.Collect$$rtentry$$0000000A)
    __rt_entry_postsh_1                      0x08000297   Thumb Code     0  __rtentry2.o(.ARM.Collect$$rtentry$$00000009)
    __rt_entry_main                          0x0800029b   Thumb Code     0  __rtentry2.o(.ARM.Collect$$rtentry$$0000000D)
    __rt_entry_postli_1                      0x0800029b   Thumb Code     0  __rtentry2.o(.ARM.Collect$$rtentry$$0000000C)
    __rt_exit                                0x080002a3   Thumb Code     0  rtexit.o(.ARM.Collect$$rtexit$$00000000)
    __rt_exit_ls                             0x080002a5   Thumb Code     0  rtexit2.o(.ARM.Collect$$rtexit$$00000003)
    __rt_exit_prels_1                        0x080002a5   Thumb Code     0  rtexit2.o(.ARM.Collect$$rtexit$$00000002)
    __rt_exit_exit                           0x080002a9   Thumb Code     0  rtexit2.o(.ARM.Collect$$rtexit$$00000004)
    Reset_Handler                            0x080002b1   Thumb Code     8  startup_stm32f10x_md_vl.o(.text)
    NMI_Handler                              0x080002b9   Thumb Code     2  startup_stm32f10x_md_vl.o(.text)
    HardFault_Handler                        0x080002bb   Thumb Code     2  startup_stm32f10x_md_vl.o(.text)
    MemManage_Handler                        0x080002bd   Thumb Code     2  startup_stm32f10x_md_vl.o(.text)
    BusFault_Handler                         0x080002bf   Thumb Code     2  startup_stm32f10x_md_vl.o(.text)
    UsageFault_Handler                       0x080002c1   Thumb Code     2  startup_stm32f10x_md_vl.o(.text)
    SVC_Handler                              0x080002c3   Thumb Code     2  startup_stm32f10x_md_vl.o(.text)
    DebugMon_Handler                         0x080002c5   Thumb Code     2  startup_stm32f10x_md_vl.o(.text)
    PendSV_Handler                           0x080002c7   Thumb Code     2  startup_stm32f10x_md_vl.o(.text)
    SysTick_Handler                          0x080002c9   Thumb Code     2  startup_stm32f10x_md_vl.o(.text)
    ADC1_IRQHandler                          0x080002cb   Thumb Code     0  startup_stm32f10x_md_vl.o(.text)
    CEC_IRQHandler                           0x080002cb   Thumb Code     0  startup_stm32f10x_md_vl.o(.text)
    DMA1_Channel1_IRQHandler                 0x080002cb   Thumb Code     0  startup_stm32f10x_md_vl.o(.text)
    DMA1_Channel2_IRQHandler                 0x080002cb   Thumb Code     0  startup_stm32f10x_md_vl.o(.text)
    DMA1_Channel3_IRQHandler                 0x080002cb   Thumb Code     0  startup_stm32f10x_md_vl.o(.text)
    DMA1_Channel4_IRQHandler                 0x080002cb   Thumb Code     0  startup_stm32f10x_md_vl.o(.text)
    DMA1_Channel5_IRQHandler                 0x080002cb   Thumb Code     0  startup_stm32f10x_md_vl.o(.text)
    DMA1_Channel6_IRQHandler                 0x080002cb   Thumb Code     0  startup_stm32f10x_md_vl.o(.text)
    DMA1_Channel7_IRQHandler                 0x080002cb   Thumb Code     0  startup_stm32f10x_md_vl.o(.text)
    EXTI0_IRQHandler                         0x080002cb   Thumb Code     0  startup_stm32f10x_md_vl.o(.text)
    EXTI15_10_IRQHandler                     0x080002cb   Thumb Code     0  startup_stm32f10x_md_vl.o(.text)
    EXTI1_IRQHandler                         0x080002cb   Thumb Code     0  startup_stm32f10x_md_vl.o(.text)
    EXTI2_IRQHandler                         0x080002cb   Thumb Code     0  startup_stm32f10x_md_vl.o(.text)
    EXTI3_IRQHandler                         0x080002cb   Thumb Code     0  startup_stm32f10x_md_vl.o(.text)
    EXTI4_IRQHandler                         0x080002cb   Thumb Code     0  startup_stm32f10x_md_vl.o(.text)
    EXTI9_5_IRQHandler                       0x080002cb   Thumb Code     0  startup_stm32f10x_md_vl.o(.text)
    FLASH_IRQHandler                         0x080002cb   Thumb Code     0  startup_stm32f10x_md_vl.o(.text)
    I2C1_ER_IRQHandler                       0x080002cb   Thumb Code     0  startup_stm32f10x_md_vl.o(.text)
    I2C1_EV_IRQHandler                       0x080002cb   Thumb Code     0  startup_stm32f10x_md_vl.o(.text)
    I2C2_ER_IRQHandler                       0x080002cb   Thumb Code     0  startup_stm32f10x_md_vl.o(.text)
    I2C2_EV_IRQHandler                       0x080002cb   Thumb Code     0  startup_stm32f10x_md_vl.o(.text)
    PVD_IRQHandler                           0x080002cb   Thumb Code     0  startup_stm32f10x_md_vl.o(.text)
    RCC_IRQHandler                           0x080002cb   Thumb Code     0  startup_stm32f10x_md_vl.o(.text)
    RTCAlarm_IRQHandler                      0x080002cb   Thumb Code     0  startup_stm32f10x_md_vl.o(.text)
    RTC_IRQHandler                           0x080002cb   Thumb Code     0  startup_stm32f10x_md_vl.o(.text)
    SPI1_IRQHandler                          0x080002cb   Thumb Code     0  startup_stm32f10x_md_vl.o(.text)
    SPI2_IRQHandler                          0x080002cb   Thumb Code     0  startup_stm32f10x_md_vl.o(.text)
    TAMPER_IRQHandler                        0x080002cb   Thumb Code     0  startup_stm32f10x_md_vl.o(.text)
    TIM1_BRK_TIM15_IRQHandler                0x080002cb   Thumb Code     0  startup_stm32f10x_md_vl.o(.text)
    TIM1_CC_IRQHandler                       0x080002cb   Thumb Code     0  startup_stm32f10x_md_vl.o(.text)
    TIM1_TRG_COM_TIM17_IRQHandler            0x080002cb   Thumb Code     0  startup_stm32f10x_md_vl.o(.text)
    TIM1_UP_TIM16_IRQHandler                 0x080002cb   Thumb Code     0  startup_stm32f10x_md_vl.o(.text)
    TIM2_IRQHandler                          0x080002cb   Thumb Code     0  startup_stm32f10x_md_vl.o(.text)
    TIM3_IRQHandler                          0x080002cb   Thumb Code     0  startup_stm32f10x_md_vl.o(.text)
    TIM4_IRQHandler                          0x080002cb   Thumb Code     0  startup_stm32f10x_md_vl.o(.text)
    TIM6_DAC_IRQHandler                      0x080002cb   Thumb Code     0  startup_stm32f10x_md_vl.o(.text)
    TIM7_IRQHandler                          0x080002cb   Thumb Code     0  startup_stm32f10x_md_vl.o(.text)
    USART1_IRQHandler                        0x080002cb   Thumb Code     0  startup_stm32f10x_md_vl.o(.text)
    USART2_IRQHandler                        0x080002cb   Thumb Code     0  startup_stm32f10x_md_vl.o(.text)
    USART3_IRQHandler                        0x080002cb   Thumb Code     0  startup_stm32f10x_md_vl.o(.text)
    WWDG_IRQHandler                          0x080002cb   Thumb Code     0  startup_stm32f10x_md_vl.o(.text)
    __user_initial_stackheap                 0x080002cd   Thumb Code     0  startup_stm32f10x_md_vl.o(.text)
    sprintf                                  0x080002f1   Thumb Code    38  sprintf.o(.text)
    __use_two_region_memory                  0x0800031d   Thumb Code     2  heapauxi.o(.text)
    __rt_heap_escrow$2region                 0x0800031f   Thumb Code     2  heapauxi.o(.text)
    __rt_heap_expand$2region                 0x08000321   Thumb Code     2  heapauxi.o(.text)
    _printf_pre_padding                      0x08000323   Thumb Code    44  _printf_pad.o(.text)
    _printf_post_padding                     0x0800034f   Thumb Code    34  _printf_pad.o(.text)
    _printf_truncate_signed                  0x08000371   Thumb Code    18  _printf_truncate.o(.text)
    _printf_truncate_unsigned                0x08000383   Thumb Code    18  _printf_truncate.o(.text)
    _printf_str                              0x08000395   Thumb Code    82  _printf_str.o(.text)
    _printf_int_dec                          0x080003e9   Thumb Code   104  _printf_dec.o(.text)
    _printf_charcount                        0x08000461   Thumb Code    40  _printf_charcount.o(.text)
    _printf_char_common                      0x08000493   Thumb Code    32  _printf_char_common.o(.text)
    _sputc                                   0x080004b9   Thumb Code    10  _sputc.o(.text)
    _printf_wctomb                           0x080004c5   Thumb Code   182  _printf_wctomb.o(.text)
    _printf_longlong_dec                     0x08000581   Thumb Code   108  _printf_longlong_dec.o(.text)
    _printf_longlong_oct                     0x080005fd   Thumb Code    68  _printf_oct_int_ll.o(.text)
    _printf_int_oct                          0x08000641   Thumb Code    24  _printf_oct_int_ll.o(.text)
    _printf_ll_oct                           0x08000659   Thumb Code    12  _printf_oct_int_ll.o(.text)
    _printf_longlong_hex                     0x0800066d   Thumb Code    86  _printf_hex_int_ll_ptr.o(.text)
    _printf_int_hex                          0x080006c3   Thumb Code    28  _printf_hex_int_ll_ptr.o(.text)
    _printf_ll_hex                           0x080006df   Thumb Code    12  _printf_hex_int_ll_ptr.o(.text)
    _printf_hex_ptr                          0x080006eb   Thumb Code    18  _printf_hex_int_ll_ptr.o(.text)
    __printf                                 0x08000701   Thumb Code   388  __printf_flags_ss_wp.o(.text)
    _ll_udiv10                               0x08000889   Thumb Code   138  lludiv10.o(.text)
    _printf_int_common                       0x08000913   Thumb Code   178  _printf_intcommon.o(.text)
    _printf_fp_dec_real                      0x08000b75   Thumb Code   620  _printf_fp_dec.o(.text)
    _printf_fp_hex_real                      0x08000de1   Thumb Code   756  _printf_fp_hex.o(.text)
    _printf_cs_common                        0x080010dd   Thumb Code    20  _printf_char.o(.text)
    _printf_char                             0x080010f1   Thumb Code    16  _printf_char.o(.text)
    _printf_string                           0x08001101   Thumb Code     8  _printf_char.o(.text)
    _printf_lcs_common                       0x08001109   Thumb Code    20  _printf_wchar.o(.text)
    _printf_wchar                            0x0800111d   Thumb Code    16  _printf_wchar.o(.text)
    _printf_wstring                          0x0800112d   Thumb Code     8  _printf_wchar.o(.text)
    _c16rtomb                                0x08001135   Thumb Code    72  _c16rtomb.o(.text)
    _wcrtomb                                 0x08001135   Thumb Code     0  _c16rtomb.o(.text)
    __user_setup_stackheap                   0x0800117d   Thumb Code    74  sys_stackheap_outer.o(.text)
    __rt_ctype_table                         0x080011c9   Thumb Code    16  rt_ctype_table.o(.text)
    __rt_locale                              0x080011d9   Thumb Code     8  rt_locale_intlibspace.o(.text)
    _printf_fp_infnan                        0x080011e1   Thumb Code   112  _printf_fp_infnan.o(.text)
    _btod_etento                             0x08001261   Thumb Code   224  bigflt0.o(.text)
    exit                                     0x08001345   Thumb Code    18  exit.o(.text)
    __user_libspace                          0x08001359   Thumb Code     8  libspace.o(.text)
    __user_perproc_libspace                  0x08001359   Thumb Code     0  libspace.o(.text)
    __user_perthread_libspace                0x08001359   Thumb Code     0  libspace.o(.text)
    strcmp                                   0x08001361   Thumb Code   128  strcmpv7m.o(.text)
    _sys_exit                                0x080013e1   Thumb Code     8  sys_exit.o(.text)
    __I$use$semihosting                      0x080013ed   Thumb Code     0  use_no_semi.o(.text)
    __use_no_semihosting_swi                 0x080013ed   Thumb Code     2  use_no_semi.o(.text)
    __semihosting_library_function           0x080013ef   Thumb Code     0  indicate_semi.o(.text)
    BA63_ClearVFD                            0x080013f1   Thumb Code    80  main.o(.text.BA63_ClearVFD)
    BA63_DeleteToEndline                     0x08001441   Thumb Code    80  main.o(.text.BA63_DeleteToEndline)
    BA63_SendString                          0x08001491   Thumb Code   108  main.o(.text.BA63_SendString)
    BA63_SetCP                               0x080014fd   Thumb Code   198  main.o(.text.BA63_SetCP)
    BA63_SetPos                              0x080015c5   Thumb Code   156  main.o(.text.BA63_SetPos)
    GPIO_Init                                0x08001661   Thumb Code   390  stm32f10x_gpio.o(.text.GPIO_Init)
    GPIO_StructInit                          0x080017e9   Thumb Code    28  stm32f10x_gpio.o(.text.GPIO_StructInit)
    RCC_APB1PeriphClockCmd                   0x08001805   Thumb Code    56  stm32f10x_rcc.o(.text.RCC_APB1PeriphClockCmd)
    RCC_APB2PeriphClockCmd                   0x0800183d   Thumb Code    56  stm32f10x_rcc.o(.text.RCC_APB2PeriphClockCmd)
    RCC_GetClocksFreq                        0x08001875   Thumb Code   358  stm32f10x_rcc.o(.text.RCC_GetClocksFreq)
    SystemInit                               0x08001ae5   Thumb Code   114  system_stm32f10x.o(.text.SystemInit)
    TIM_Cmd                                  0x08001b59   Thumb Code    44  stm32f10x_tim.o(.text.TIM_Cmd)
    TIM_TimeBaseInit                         0x08001b85   Thumb Code   322  stm32f10x_tim.o(.text.TIM_TimeBaseInit)
    TIM_TimeBaseStructInit                   0x08001cc9   Thumb Code    34  stm32f10x_tim.o(.text.TIM_TimeBaseStructInit)
    USART_Cmd                                0x08001ced   Thumb Code    44  stm32f10x_usart.o(.text.USART_Cmd)
    USART_GetFlagStatus                      0x08001d19   Thumb Code    68  stm32f10x_usart.o(.text.USART_GetFlagStatus)
    USART_Init                               0x08001d5d   Thumb Code   348  stm32f10x_usart.o(.text.USART_Init)
    USART_SendData                           0x08001eb9   Thumb Code    24  stm32f10x_usart.o(.text.USART_SendData)
    USART_StructInit                         0x08001ed1   Thumb Code    40  stm32f10x_usart.o(.text.USART_StructInit)
    delayMs                                  0x08001ef9   Thumb Code    80  main.o(.text.delayMs)
    main                                     0x08001f49   Thumb Code   822  main.o(.text.main)
    _btod_d2e                                0x0800227f   Thumb Code    62  btod.o(CL$$btod_d2e)
    _d2e_denorm_low                          0x080022bd   Thumb Code    70  btod.o(CL$$btod_d2e_denorm_low)
    _d2e_norm_op1                            0x08002303   Thumb Code    96  btod.o(CL$$btod_d2e_norm_op1)
    __btod_div_common                        0x08002365   Thumb Code   696  btod.o(CL$$btod_div_common)
    _e2e                                     0x0800269d   Thumb Code   220  btod.o(CL$$btod_e2e)
    _btod_ediv                               0x08002779   Thumb Code    42  btod.o(CL$$btod_ediv)
    _btod_emul                               0x080027a3   Thumb Code    42  btod.o(CL$$btod_emul)
    __btod_mult_common                       0x080027cd   Thumb Code   580  btod.o(CL$$btod_mult_common)
    __ARM_fpclassify                         0x08002a11   Thumb Code    40  fpclassify.o(i.__ARM_fpclassify)
    _is_digit                                0x08002a39   Thumb Code    14  __printf_wp.o(i._is_digit)
    _get_lc_numeric                          0x08002a49   Thumb Code    44  lc_numeric_c.o(locale$$code)
    _get_lc_ctype                            0x08002a75   Thumb Code    44  lc_ctype_c.o(locale$$code)
    _printf_fp_dec                           0x08002aa1   Thumb Code     4  printf1.o(x$fpl$printf1)
    _printf_fp_hex                           0x08002aa5   Thumb Code     4  printf2.o(x$fpl$printf2)
    __I$use$fp                               0x08002aa8   Number         0  usenofp.o(x$fpl$usenofp)
    Region$$Table$$Base                      0x08002bbc   Number         0  anon$$obj.o(Region$$Table)
    Region$$Table$$Limit                     0x08002bdc   Number         0  anon$$obj.o(Region$$Table)
    __ctype                                  0x08002c05   Data           0  lc_ctype_c.o(locale$$data)
    author                                   0x20000000   Data          21  main.o(.data.author)
    charSet866                               0x20000015   Data         256  main.o(.data.charSet866)
    clearCmd                                 0x20000115   Data           4  main.o(.data.clearCmd)
    cpcode                                   0x20000119   Data           3  main.o(.data.cpcode)
    delEndline                               0x2000011c   Data           4  main.o(.data.delEndline)
    device_name_frame1                       0x20000120   Data          21  main.o(.data.device_name_frame1)
    device_name_frame2                       0x20000135   Data          21  main.o(.data.device_name_frame2)
    device_name_frame3                       0x2000014a   Data          21  main.o(.data.device_name_frame3)
    device_name_frame4                       0x2000015f   Data          21  main.o(.data.device_name_frame4)
    device_name_frame5                       0x20000174   Data          21  main.o(.data.device_name_frame5)
    device_name_frame6                       0x20000189   Data          21  main.o(.data.device_name_frame6)
    fwVer                                    0x2000019e   Data          21  main.o(.data.fwVer)
    projectCode                              0x200001b3   Data          21  main.o(.data.projectCode)
    ru_color_setup                           0x200001c8   Data          21  main.o(.data.ru_color_setup)
    ru_rgb_template                          0x200001dd   Data          21  main.o(.data.ru_rgb_template)
    setCurPos                                0x200001f2   Data           6  main.o(.data.setCurPos)
    __libspace_start                         0x200001f8   Data          96  libspace.o(.bss)
    __temporary_stack_top$libspace           0x20000258   Data           0  libspace.o(.bss)



==============================================================================

Memory Map of the image

  Image Entry point : 0x080002b1

  Load Region LR_1 (Base: 0x08000000, Size: 0x00002f00, Max: 0xffffffff, ABSOLUTE, COMPRESSED[0x00002e8c])

    Execution Region ER_RO (Exec base: 0x08000000, Load base: 0x08000000, Size: 0x00002d08, Max: 0xffffffff, ABSOLUTE)

    Exec Addr    Load Addr    Size         Type   Attr      Idx    E Section Name        Object

    0x08000000   0x08000000   0x00000120   Data   RO          644    RESET               startup_stm32f10x_md_vl.o
    0x08000120   0x08000120   0x00000008   Code   RO          674  * !!!main             c_w.l(__main.o)
    0x08000128   0x08000128   0x00000034   Code   RO         1011    !!!scatter          c_w.l(__scatter.o)
    0x0800015c   0x0800015c   0x00000064   Code   RO         1009    !!dclz77c           c_w.l(__dclz77c.o)
    0x080001c0   0x080001c0   0x0000001c   Code   RO         1013    !!handler_zi        c_w.l(__scatter_zi.o)
    0x080001dc   0x080001dc   0x00000000   Code   RO          758    .ARM.Collect$$_printf_percent$$00000000  c_w.l(_printf_percent.o)
    0x080001dc   0x080001dc   0x00000006   Code   RO          747    .ARM.Collect$$_printf_percent$$00000001  c_w.l(_printf_n.o)
    0x080001e2   0x080001e2   0x00000006   Code   RO          749    .ARM.Collect$$_printf_percent$$00000002  c_w.l(_printf_p.o)
    0x080001e8   0x080001e8   0x00000006   Code   RO          754    .ARM.Collect$$_printf_percent$$00000003  c_w.l(_printf_f.o)
    0x080001ee   0x080001ee   0x00000006   Code   RO          755    .ARM.Collect$$_printf_percent$$00000004  c_w.l(_printf_e.o)
    0x080001f4   0x080001f4   0x00000006   Code   RO          756    .ARM.Collect$$_printf_percent$$00000005  c_w.l(_printf_g.o)
    0x080001fa   0x080001fa   0x00000006   Code   RO          757    .ARM.Collect$$_printf_percent$$00000006  c_w.l(_printf_a.o)
    0x08000200   0x08000200   0x0000000a   Code   RO          762    .ARM.Collect$$_printf_percent$$00000007  c_w.l(_printf_ll.o)
    0x0800020a   0x0800020a   0x00000006   Code   RO          751    .ARM.Collect$$_printf_percent$$00000008  c_w.l(_printf_i.o)
    0x08000210   0x08000210   0x00000006   Code   RO          752    .ARM.Collect$$_printf_percent$$00000009  c_w.l(_printf_d.o)
    0x08000216   0x08000216   0x00000006   Code   RO          753    .ARM.Collect$$_printf_percent$$0000000A  c_w.l(_printf_u.o)
    0x0800021c   0x0800021c   0x00000006   Code   RO          750    .ARM.Collect$$_printf_percent$$0000000B  c_w.l(_printf_o.o)
    0x08000222   0x08000222   0x00000006   Code   RO          748    .ARM.Collect$$_printf_percent$$0000000C  c_w.l(_printf_x.o)
    0x08000228   0x08000228   0x00000006   Code   RO          759    .ARM.Collect$$_printf_percent$$0000000D  c_w.l(_printf_lli.o)
    0x0800022e   0x0800022e   0x00000006   Code   RO          760    .ARM.Collect$$_printf_percent$$0000000E  c_w.l(_printf_lld.o)
    0x08000234   0x08000234   0x00000006   Code   RO          761    .ARM.Collect$$_printf_percent$$0000000F  c_w.l(_printf_llu.o)
    0x0800023a   0x0800023a   0x00000006   Code   RO          766    .ARM.Collect$$_printf_percent$$00000010  c_w.l(_printf_llo.o)
    0x08000240   0x08000240   0x00000006   Code   RO          767    .ARM.Collect$$_printf_percent$$00000011  c_w.l(_printf_llx.o)
    0x08000246   0x08000246   0x0000000a   Code   RO          763    .ARM.Collect$$_printf_percent$$00000012  c_w.l(_printf_l.o)
    0x08000250   0x08000250   0x00000006   Code   RO          745    .ARM.Collect$$_printf_percent$$00000013  c_w.l(_printf_c.o)
    0x08000256   0x08000256   0x00000006   Code   RO          746    .ARM.Collect$$_printf_percent$$00000014  c_w.l(_printf_s.o)
    0x0800025c   0x0800025c   0x00000006   Code   RO          764    .ARM.Collect$$_printf_percent$$00000015  c_w.l(_printf_lc.o)
    0x08000262   0x08000262   0x00000006   Code   RO          765    .ARM.Collect$$_printf_percent$$00000016  c_w.l(_printf_ls.o)
    0x08000268   0x08000268   0x00000004   Code   RO          808    .ARM.Collect$$_printf_percent$$00000017  c_w.l(_printf_percent_end.o)
    0x0800026c   0x0800026c   0x00000002   Code   RO          859    .ARM.Collect$$libinit$$00000000  c_w.l(libinit.o)
    0x0800026e   0x0800026e   0x00000000   Code   RO          878    .ARM.Collect$$libinit$$00000002  c_w.l(libinit2.o)
    0x0800026e   0x0800026e   0x00000000   Code   RO          880    .ARM.Collect$$libinit$$00000004  c_w.l(libinit2.o)
    0x0800026e   0x0800026e   0x00000000   Code   RO          883    .ARM.Collect$$libinit$$0000000A  c_w.l(libinit2.o)
    0x0800026e   0x0800026e   0x00000000   Code   RO          885    .ARM.Collect$$libinit$$0000000C  c_w.l(libinit2.o)
    0x0800026e   0x0800026e   0x00000000   Code   RO          887    .ARM.Collect$$libinit$$0000000E  c_w.l(libinit2.o)
    0x0800026e   0x0800026e   0x00000006   Code   RO          888    .ARM.Collect$$libinit$$0000000F  c_w.l(libinit2.o)
    0x08000274   0x08000274   0x00000000   Code   RO          890    .ARM.Collect$$libinit$$00000011  c_w.l(libinit2.o)
    0x08000274   0x08000274   0x0000000c   Code   RO          891    .ARM.Collect$$libinit$$00000012  c_w.l(libinit2.o)
    0x08000280   0x08000280   0x00000000   Code   RO          892    .ARM.Collect$$libinit$$00000013  c_w.l(libinit2.o)
    0x08000280   0x08000280   0x00000000   Code   RO          894    .ARM.Collect$$libinit$$00000015  c_w.l(libinit2.o)
    0x08000280   0x08000280   0x0000000a   Code   RO          895    .ARM.Collect$$libinit$$00000016  c_w.l(libinit2.o)
    0x0800028a   0x0800028a   0x00000000   Code   RO          896    .ARM.Collect$$libinit$$00000017  c_w.l(libinit2.o)
    0x0800028a   0x0800028a   0x00000000   Code   RO          898    .ARM.Collect$$libinit$$00000019  c_w.l(libinit2.o)
    0x0800028a   0x0800028a   0x00000000   Code   RO          900    .ARM.Collect$$libinit$$0000001B  c_w.l(libinit2.o)
    0x0800028a   0x0800028a   0x00000000   Code   RO          902    .ARM.Collect$$libinit$$0000001D  c_w.l(libinit2.o)
    0x0800028a   0x0800028a   0x00000000   Code   RO          904    .ARM.Collect$$libinit$$0000001F  c_w.l(libinit2.o)
    0x0800028a   0x0800028a   0x00000000   Code   RO          906    .ARM.Collect$$libinit$$00000021  c_w.l(libinit2.o)
    0x0800028a   0x0800028a   0x00000000   Code   RO          908    .ARM.Collect$$libinit$$00000023  c_w.l(libinit2.o)
    0x0800028a   0x0800028a   0x00000000   Code   RO          910    .ARM.Collect$$libinit$$00000025  c_w.l(libinit2.o)
    0x0800028a   0x0800028a   0x00000000   Code   RO          914    .ARM.Collect$$libinit$$0000002C  c_w.l(libinit2.o)
    0x0800028a   0x0800028a   0x00000000   Code   RO          916    .ARM.Collect$$libinit$$0000002E  c_w.l(libinit2.o)
    0x0800028a   0x0800028a   0x00000000   Code   RO          918    .ARM.Collect$$libinit$$00000030  c_w.l(libinit2.o)
    0x0800028a   0x0800028a   0x00000000   Code   RO          920    .ARM.Collect$$libinit$$00000032  c_w.l(libinit2.o)
    0x0800028a   0x0800028a   0x00000002   Code   RO          921    .ARM.Collect$$libinit$$00000033  c_w.l(libinit2.o)
    0x0800028c   0x0800028c   0x00000002   Code   RO          945    .ARM.Collect$$libshutdown$$00000000  c_w.l(libshutdown.o)
    0x0800028e   0x0800028e   0x00000000   Code   RO          960    .ARM.Collect$$libshutdown$$00000002  c_w.l(libshutdown2.o)
    0x0800028e   0x0800028e   0x00000000   Code   RO          962    .ARM.Collect$$libshutdown$$00000004  c_w.l(libshutdown2.o)
    0x0800028e   0x0800028e   0x00000000   Code   RO          965    .ARM.Collect$$libshutdown$$00000007  c_w.l(libshutdown2.o)
    0x0800028e   0x0800028e   0x00000000   Code   RO          968    .ARM.Collect$$libshutdown$$0000000A  c_w.l(libshutdown2.o)
    0x0800028e   0x0800028e   0x00000000   Code   RO          970    .ARM.Collect$$libshutdown$$0000000C  c_w.l(libshutdown2.o)
    0x0800028e   0x0800028e   0x00000000   Code   RO          973    .ARM.Collect$$libshutdown$$0000000F  c_w.l(libshutdown2.o)
    0x0800028e   0x0800028e   0x00000002   Code   RO          974    .ARM.Collect$$libshutdown$$00000010  c_w.l(libshutdown2.o)
    0x08000290   0x08000290   0x00000000   Code   RO          676    .ARM.Collect$$rtentry$$00000000  c_w.l(__rtentry.o)
    0x08000290   0x08000290   0x00000000   Code   RO          777    .ARM.Collect$$rtentry$$00000002  c_w.l(__rtentry2.o)
    0x08000290   0x08000290   0x00000006   Code   RO          789    .ARM.Collect$$rtentry$$00000004  c_w.l(__rtentry4.o)
    0x08000296   0x08000296   0x00000000   Code   RO          779    .ARM.Collect$$rtentry$$00000009  c_w.l(__rtentry2.o)
    0x08000296   0x08000296   0x00000004   Code   RO          780    .ARM.Collect$$rtentry$$0000000A  c_w.l(__rtentry2.o)
    0x0800029a   0x0800029a   0x00000000   Code   RO          782    .ARM.Collect$$rtentry$$0000000C  c_w.l(__rtentry2.o)
    0x0800029a   0x0800029a   0x00000008   Code   RO          783    .ARM.Collect$$rtentry$$0000000D  c_w.l(__rtentry2.o)
    0x080002a2   0x080002a2   0x00000002   Code   RO          868    .ARM.Collect$$rtexit$$00000000  c_w.l(rtexit.o)
    0x080002a4   0x080002a4   0x00000000   Code   RO          923    .ARM.Collect$$rtexit$$00000002  c_w.l(rtexit2.o)
    0x080002a4   0x080002a4   0x00000004   Code   RO          924    .ARM.Collect$$rtexit$$00000003  c_w.l(rtexit2.o)
    0x080002a8   0x080002a8   0x00000006   Code   RO          925    .ARM.Collect$$rtexit$$00000004  c_w.l(rtexit2.o)
    0x080002ae   0x080002ae   0x00000002   PAD
    0x080002b0   0x080002b0   0x00000040   Code   RO          645  * .text               startup_stm32f10x_md_vl.o
    0x080002f0   0x080002f0   0x0000002c   Code   RO          670    .text               c_w.l(sprintf.o)
    0x0800031c   0x0800031c   0x00000006   Code   RO          672    .text               c_w.l(heapauxi.o)
    0x08000322   0x08000322   0x0000004e   Code   RO          679    .text               c_w.l(_printf_pad.o)
    0x08000370   0x08000370   0x00000024   Code   RO          681    .text               c_w.l(_printf_truncate.o)
    0x08000394   0x08000394   0x00000052   Code   RO          683    .text               c_w.l(_printf_str.o)
    0x080003e6   0x080003e6   0x00000002   PAD
    0x080003e8   0x080003e8   0x00000078   Code   RO          685    .text               c_w.l(_printf_dec.o)
    0x08000460   0x08000460   0x00000028   Code   RO          687    .text               c_w.l(_printf_charcount.o)
    0x08000488   0x08000488   0x00000030   Code   RO          689    .text               c_w.l(_printf_char_common.o)
    0x080004b8   0x080004b8   0x0000000a   Code   RO          691    .text               c_w.l(_sputc.o)
    0x080004c2   0x080004c2   0x00000002   PAD
    0x080004c4   0x080004c4   0x000000bc   Code   RO          693    .text               c_w.l(_printf_wctomb.o)
    0x08000580   0x08000580   0x0000007c   Code   RO          696    .text               c_w.l(_printf_longlong_dec.o)
    0x080005fc   0x080005fc   0x00000070   Code   RO          702    .text               c_w.l(_printf_oct_int_ll.o)
    0x0800066c   0x0800066c   0x00000094   Code   RO          722    .text               c_w.l(_printf_hex_int_ll_ptr.o)
    0x08000700   0x08000700   0x00000188   Code   RO          742    .text               c_w.l(__printf_flags_ss_wp.o)
    0x08000888   0x08000888   0x0000008a   Code   RO          791    .text               c_w.l(lludiv10.o)
    0x08000912   0x08000912   0x000000b2   Code   RO          793    .text               c_w.l(_printf_intcommon.o)
    0x080009c4   0x080009c4   0x0000041c   Code   RO          795    .text               c_w.l(_printf_fp_dec.o)
    0x08000de0   0x08000de0   0x000002fc   Code   RO          799    .text               c_w.l(_printf_fp_hex.o)
    0x080010dc   0x080010dc   0x0000002c   Code   RO          804    .text               c_w.l(_printf_char.o)
    0x08001108   0x08001108   0x0000002c   Code   RO          806    .text               c_w.l(_printf_wchar.o)
    0x08001134   0x08001134   0x00000048   Code   RO          809    .text               c_w.l(_c16rtomb.o)
    0x0800117c   0x0800117c   0x0000004a   Code   RO          811    .text               c_w.l(sys_stackheap_outer.o)
    0x080011c6   0x080011c6   0x00000002   PAD
    0x080011c8   0x080011c8   0x00000010   Code   RO          813    .text               c_w.l(rt_ctype_table.o)
    0x080011d8   0x080011d8   0x00000008   Code   RO          818    .text               c_w.l(rt_locale_intlibspace.o)
    0x080011e0   0x080011e0   0x00000080   Code   RO          820    .text               c_w.l(_printf_fp_infnan.o)
    0x08001260   0x08001260   0x000000e4   Code   RO          822    .text               c_w.l(bigflt0.o)
    0x08001344   0x08001344   0x00000012   Code   RO          852    .text               c_w.l(exit.o)
    0x08001356   0x08001356   0x00000002   PAD
    0x08001358   0x08001358   0x00000008   Code   RO          865    .text               c_w.l(libspace.o)
    0x08001360   0x08001360   0x00000080   Code   RO          875    .text               c_w.l(strcmpv7m.o)
    0x080013e0   0x080013e0   0x0000000c   Code   RO          935    .text               c_w.l(sys_exit.o)
    0x080013ec   0x080013ec   0x00000002   Code   RO          950    .text               c_w.l(use_no_semi.o)
    0x080013ee   0x080013ee   0x00000000   Code   RO          952    .text               c_w.l(indicate_semi.o)
    0x080013ee   0x080013ee   0x00000002   PAD
    0x080013f0   0x080013f0   0x00000050   Code   RO            6    .text.BA63_ClearVFD  main.o
    0x08001440   0x08001440   0x00000050   Code   RO           14    .text.BA63_DeleteToEndline  main.o
    0x08001490   0x08001490   0x0000006c   Code   RO           12    .text.BA63_SendString  main.o
    0x080014fc   0x080014fc   0x000000c6   Code   RO            8    .text.BA63_SetCP    main.o
    0x080015c2   0x080015c2   0x00000002   PAD
    0x080015c4   0x080015c4   0x0000009c   Code   RO           10    .text.BA63_SetPos   main.o
    0x08001660   0x08001660   0x00000186   Code   RO          206    .text.GPIO_Init     stm32f10x_gpio.o
    0x080017e6   0x080017e6   0x00000002   PAD
    0x080017e8   0x080017e8   0x0000001c   Code   RO          208    .text.GPIO_StructInit  stm32f10x_gpio.o
    0x08001804   0x08001804   0x00000038   Code   RO          312    .text.RCC_APB1PeriphClockCmd  stm32f10x_rcc.o
    0x0800183c   0x0800183c   0x00000038   Code   RO          310    .text.RCC_APB2PeriphClockCmd  stm32f10x_rcc.o
    0x08001874   0x08001874   0x00000166   Code   RO          306    .text.RCC_GetClocksFreq  stm32f10x_rcc.o
    0x080019da   0x080019da   0x00000002   PAD
    0x080019dc   0x080019dc   0x00000008   Code   RO          654    .text.SetSysClock   system_stm32f10x.o
    0x080019e4   0x080019e4   0x000000fe   Code   RO          658    .text.SetSysClockTo24  system_stm32f10x.o
    0x08001ae2   0x08001ae2   0x00000002   PAD
    0x08001ae4   0x08001ae4   0x00000072   Code   RO          652    .text.SystemInit    system_stm32f10x.o
    0x08001b56   0x08001b56   0x00000002   PAD
    0x08001b58   0x08001b58   0x0000002c   Code   RO          416    .text.TIM_Cmd       stm32f10x_tim.o
    0x08001b84   0x08001b84   0x00000142   Code   RO          376    .text.TIM_TimeBaseInit  stm32f10x_tim.o
    0x08001cc6   0x08001cc6   0x00000002   PAD
    0x08001cc8   0x08001cc8   0x00000022   Code   RO          408    .text.TIM_TimeBaseStructInit  stm32f10x_tim.o
    0x08001cea   0x08001cea   0x00000002   PAD
    0x08001cec   0x08001cec   0x0000002c   Code   RO          573    .text.USART_Cmd     stm32f10x_usart.o
    0x08001d18   0x08001d18   0x00000044   Code   RO          613    .text.USART_GetFlagStatus  stm32f10x_usart.o
    0x08001d5c   0x08001d5c   0x0000015c   Code   RO          565    .text.USART_Init    stm32f10x_usart.o
    0x08001eb8   0x08001eb8   0x00000018   Code   RO          589    .text.USART_SendData  stm32f10x_usart.o
    0x08001ed0   0x08001ed0   0x00000028   Code   RO          567    .text.USART_StructInit  stm32f10x_usart.o
    0x08001ef8   0x08001ef8   0x00000050   Code   RO            4    .text.delayMs       main.o
    0x08001f48   0x08001f48   0x00000336   Code   RO            2    .text.main          main.o
    0x0800227e   0x0800227e   0x0000003e   Code   RO          825    CL$$btod_d2e        c_w.l(btod.o)
    0x080022bc   0x080022bc   0x00000046   Code   RO          827    CL$$btod_d2e_denorm_low  c_w.l(btod.o)
    0x08002302   0x08002302   0x00000060   Code   RO          826    CL$$btod_d2e_norm_op1  c_w.l(btod.o)
    0x08002362   0x08002362   0x00000002   PAD
    0x08002364   0x08002364   0x00000338   Code   RO          835    CL$$btod_div_common  c_w.l(btod.o)
    0x0800269c   0x0800269c   0x000000dc   Code   RO          832    CL$$btod_e2e        c_w.l(btod.o)
    0x08002778   0x08002778   0x0000002a   Code   RO          829    CL$$btod_ediv       c_w.l(btod.o)
    0x080027a2   0x080027a2   0x0000002a   Code   RO          828    CL$$btod_emul       c_w.l(btod.o)
    0x080027cc   0x080027cc   0x00000244   Code   RO          834    CL$$btod_mult_common  c_w.l(btod.o)
    0x08002a10   0x08002a10   0x00000028   Code   RO          863    i.__ARM_fpclassify  m_ws.l(fpclassify.o)
    0x08002a38   0x08002a38   0x0000000e   Code   RO          735    i._is_digit         c_w.l(__printf_wp.o)
    0x08002a46   0x08002a46   0x00000002   PAD
    0x08002a48   0x08002a48   0x0000002c   Code   RO          850    locale$$code        c_w.l(lc_numeric_c.o)
    0x08002a74   0x08002a74   0x0000002c   Code   RO          873    locale$$code        c_w.l(lc_ctype_c.o)
    0x08002aa0   0x08002aa0   0x00000004   Code   RO          768    x$fpl$printf1       fz_ws.l(printf1.o)
    0x08002aa4   0x08002aa4   0x00000004   Code   RO          770    x$fpl$printf2       fz_ws.l(printf2.o)
    0x08002aa8   0x08002aa8   0x00000000   Code   RO          862    x$fpl$usenofp       fz_ws.l(usenofp.o)
    0x08002aa8   0x08002aa8   0x00000008   Data   RO          694    .constdata          c_w.l(_printf_wctomb.o)
    0x08002ab0   0x08002ab0   0x00000028   Data   RO          723    .constdata          c_w.l(_printf_hex_int_ll_ptr.o)
    0x08002ad8   0x08002ad8   0x00000011   Data   RO          743    .constdata          c_w.l(__printf_flags_ss_wp.o)
    0x08002ae9   0x08002ae9   0x00000026   Data   RO          800    .constdata          c_w.l(_printf_fp_hex.o)
    0x08002b0f   0x08002b0f   0x00000001   PAD
    0x08002b10   0x08002b10   0x00000094   Data   RO          823    .constdata          c_w.l(bigflt0.o)
    0x08002ba4   0x08002ba4   0x00000004   Data   RO          331    .rodata.ADCPrescTable  stm32f10x_rcc.o
    0x08002ba8   0x08002ba8   0x00000010   Data   RO          330    .rodata.APBAHBPrescTable  stm32f10x_rcc.o
    0x08002bb8   0x08002bb8   0x00000003   Data   RO           33    .rodata.str1.1      main.o
    0x08002bbb   0x08002bbb   0x00000001   PAD
    0x08002bbc   0x08002bbc   0x00000020   Data   RO         1008    Region$$Table       anon$$obj.o
    0x08002bdc   0x08002bdc   0x0000001c   Data   RO          849    locale$$data        c_w.l(lc_numeric_c.o)
    0x08002bf8   0x08002bf8   0x00000110   Data   RO          872    locale$$data        c_w.l(lc_ctype_c.o)


    Execution Region ER_RW (Exec base: 0x20000000, Load base: 0x08002d08, Size: 0x000001f8, Max: 0xffffffff, ABSOLUTE, COMPRESSED[0x00000184])

    Exec Addr    Load Addr    Size         Type   Attr      Idx    E Section Name        Object

    0x20000000   COMPRESSED   0x00000015   Data   RW           29    .data.author        main.o
    0x20000015   COMPRESSED   0x00000100   Data   RW           16    .data.charSet866    main.o
    0x20000115   COMPRESSED   0x00000004   Data   RW           17    .data.clearCmd      main.o
    0x20000119   COMPRESSED   0x00000003   Data   RW           18    .data.cpcode        main.o
    0x2000011c   COMPRESSED   0x00000004   Data   RW           20    .data.delEndline    main.o
    0x20000120   COMPRESSED   0x00000015   Data   RW           21    .data.device_name_frame1  main.o
    0x20000135   COMPRESSED   0x00000015   Data   RW           22    .data.device_name_frame2  main.o
    0x2000014a   COMPRESSED   0x00000015   Data   RW           23    .data.device_name_frame3  main.o
    0x2000015f   COMPRESSED   0x00000015   Data   RW           24    .data.device_name_frame4  main.o
    0x20000174   COMPRESSED   0x00000015   Data   RW           25    .data.device_name_frame5  main.o
    0x20000189   COMPRESSED   0x00000015   Data   RW           26    .data.device_name_frame6  main.o
    0x2000019e   COMPRESSED   0x00000015   Data   RW           28    .data.fwVer         main.o
    0x200001b3   COMPRESSED   0x00000015   Data   RW           27    .data.projectCode   main.o
    0x200001c8   COMPRESSED   0x00000015   Data   RW           32    .data.ru_color_setup  main.o
    0x200001dd   COMPRESSED   0x00000015   Data   RW           31    .data.ru_rgb_template  main.o
    0x200001f2   COMPRESSED   0x00000006   Data   RW           19    .data.setCurPos     main.o


    Execution Region ER_ZI (Exec base: 0x200001f8, Load base: 0x08002e8c, Size: 0x00000660, Max: 0xffffffff, ABSOLUTE)

    Exec Addr    Load Addr    Size         Type   Attr      Idx    E Section Name        Object

    0x200001f8        -       0x00000060   Zero   RW          866    .bss                c_w.l(libspace.o)
    0x20000258        -       0x00000200   Zero   RW          643    HEAP                startup_stm32f10x_md_vl.o
    0x20000458        -       0x00000400   Zero   RW          642    STACK               startup_stm32f10x_md_vl.o


==============================================================================

Image component sizes


      Code (inc. data)   RO Data    RW Data    ZI Data      Debug   Object Name

      1524          0          3        504          0       5393   main.o
        64         26        288          0       1536        800   startup_stm32f10x_md_vl.o
       418          0          0          0          0       5557   stm32f10x_gpio.o
       470          0         20          0          0       7142   stm32f10x_rcc.o
       400          0          0          0          0      20189   stm32f10x_tim.o
       524          0          0          0          0       7346   stm32f10x_usart.o
       376          0          0          0          0       2731   system_stm32f10x.o

    ----------------------------------------------------------------------
      3790         26        344        504       1536      49158   Object Totals
         0          0         32          0          0          0   (incl. Generated)
        14          0          1          0          0          0   (incl. Padding)

    ----------------------------------------------------------------------

      Code (inc. data)   RO Data    RW Data    ZI Data      Debug   Library Member Name

       100          0          0          0          0          0   __dclz77c.o
         8          0          0          0          0         68   __main.o
       392          4         17          0          0         92   __printf_flags_ss_wp.o
        14          0          0          0          0         68   __printf_wp.o
         0          0          0          0          0          0   __rtentry.o
        12          0          0          0          0          0   __rtentry2.o
         6          0          0          0          0          0   __rtentry4.o
        52          8          0          0          0          0   __scatter.o
        28          0          0          0          0          0   __scatter_zi.o
        72          0          0          0          0         96   _c16rtomb.o
         6          0          0          0          0          0   _printf_a.o
         6          0          0          0          0          0   _printf_c.o
        44          0          0          0          0        108   _printf_char.o
        48          6          0          0          0         96   _printf_char_common.o
        40          0          0          0          0         68   _printf_charcount.o
         6          0          0          0          0          0   _printf_d.o
       120         16          0          0          0         92   _printf_dec.o
         6          0          0          0          0          0   _printf_e.o
         6          0          0          0          0          0   _printf_f.o
      1052          0          0          0          0        148   _printf_fp_dec.o
       764          8         38          0          0        100   _printf_fp_hex.o
       128         16          0          0          0         84   _printf_fp_infnan.o
         6          0          0          0          0          0   _printf_g.o
       148          4         40          0          0        160   _printf_hex_int_ll_ptr.o
         6          0          0          0          0          0   _printf_i.o
       178          0          0          0          0         88   _printf_intcommon.o
        10          0          0          0          0          0   _printf_l.o
         6          0          0          0          0          0   _printf_lc.o
        10          0          0          0          0          0   _printf_ll.o
         6          0          0          0          0          0   _printf_lld.o
         6          0          0          0          0          0   _printf_lli.o
         6          0          0          0          0          0   _printf_llo.o
         6          0          0          0          0          0   _printf_llu.o
         6          0          0          0          0          0   _printf_llx.o
       124         16          0          0          0         92   _printf_longlong_dec.o
         6          0          0          0          0          0   _printf_ls.o
         6          0          0          0          0          0   _printf_n.o
         6          0          0          0          0          0   _printf_o.o
       112          8          0          0          0        124   _printf_oct_int_ll.o
         6          0          0          0          0          0   _printf_p.o
        78          0          0          0          0        108   _printf_pad.o
         0          0          0          0          0          0   _printf_percent.o
         4          0          0          0          0          0   _printf_percent_end.o
         6          0          0          0          0          0   _printf_s.o
        82          0          0          0          0         80   _printf_str.o
        36          0          0          0          0         84   _printf_truncate.o
         6          0          0          0          0          0   _printf_u.o
        44          0          0          0          0        108   _printf_wchar.o
       188          6          8          0          0         92   _printf_wctomb.o
         6          0          0          0          0          0   _printf_x.o
        10          0          0          0          0         68   _sputc.o
       228          4        148          0          0         96   bigflt0.o
      1936        128          0          0          0        668   btod.o
        18          0          0          0          0         80   exit.o
         6          0          0          0          0        152   heapauxi.o
         0          0          0          0          0          0   indicate_semi.o
        44         10        272          0          0         76   lc_ctype_c.o
        44         10         28          0          0         76   lc_numeric_c.o
         2          0          0          0          0          0   libinit.o
        30          0          0          0          0          0   libinit2.o
         2          0          0          0          0          0   libshutdown.o
         2          0          0          0          0          0   libshutdown2.o
         8          4          0          0         96         68   libspace.o
       138          0          0          0          0         80   lludiv10.o
        16          4          0          0          0         76   rt_ctype_table.o
         8          4          0          0          0         68   rt_locale_intlibspace.o
         2          0          0          0          0          0   rtexit.o
        10          0          0          0          0          0   rtexit2.o
        44          6          0          0          0         84   sprintf.o
       128          0          0          0          0         68   strcmpv7m.o
        12          4          0          0          0         68   sys_exit.o
        74          0          0          0          0         80   sys_stackheap_outer.o
         2          0          0          0          0         68   use_no_semi.o
         4          0          0          0          0         68   printf1.o
         4          0          0          0          0         68   printf2.o
         0          0          0          0          0          0   usenofp.o
        40          0          0          0          0         68   fpclassify.o

    ----------------------------------------------------------------------
      6842        266        552          0         96       4036   Library Totals
        16          0          1          0          0          0   (incl. Padding)

    ----------------------------------------------------------------------

      Code (inc. data)   RO Data    RW Data    ZI Data      Debug   Library Name

      6778        266        551          0         96       3832   c_w.l
         8          0          0          0          0        136   fz_ws.l
        40          0          0          0          0         68   m_ws.l

    ----------------------------------------------------------------------
      6842        266        552          0         96       4036   Library Totals

    ----------------------------------------------------------------------

==============================================================================


      Code (inc. data)   RO Data    RW Data    ZI Data      Debug   

     10632        292        896        504       1632      50958   Grand Totals
     10632        292        896        388       1632      50958   ELF Image Totals (compressed)
     10632        292        896        388          0          0   ROM Totals

==============================================================================

    Total RO  Size (Code + RO Data)                11528 (  11.26kB)
    Total RW  Size (RW Data + ZI Data)              2136 (   2.09kB)
    Total ROM Size (Code + RO Data + RW Data)      11916 (  11.64kB)

==============================================================================

